[2025-10-28 08:02:54] local.ERROR: Command "make:import" is not defined.

Did you mean one of these?
    make:cast
    make:channel
    make:command
    make:component
    make:controller
    make:event
    make:exception
    make:factory
    make:job
    make:listener
    make:mail
    make:middleware
    make:migration
    make:model
    make:notification
    make:observer
    make:policy
    make:provider
    make:request
    make:resource
    make:rule
    make:scope
    make:seeder
    make:test
    make:view {"exception":"[object] (Symfony\\Component\\Console\\Exception\\CommandNotFoundException(code: 0): Command \"make:import\" is not defined.

Did you mean one of these?
    make:cast
    make:channel
    make:command
    make:component
    make:controller
    make:event
    make:exception
    make:factory
    make:job
    make:listener
    make:mail
    make:middleware
    make:migration
    make:model
    make:notification
    make:observer
    make:policy
    make:provider
    make:request
    make:resource
    make:rule
    make:scope
    make:seeder
    make:test
    make:view at C:\\Users\\ACER\\Desktop\\INTERNSHIP PROJECTS\\TASK 3\\dbm\\vendor\\symfony\\console\\Application.php:737)
[stacktrace]
#0 C:\\Users\\ACER\\Desktop\\INTERNSHIP PROJECTS\\TASK 3\\dbm\\vendor\\symfony\\console\\Application.php(266): Symfony\\Component\\Console\\Application->find('make:import')
#1 C:\\Users\\ACER\\Desktop\\INTERNSHIP PROJECTS\\TASK 3\\dbm\\vendor\\symfony\\console\\Application.php(175): Symfony\\Component\\Console\\Application->doRun(Object(Symfony\\Component\\Console\\Input\\ArgvInput), Object(Symfony\\Component\\Console\\Output\\ConsoleOutput))
#2 C:\\Users\\ACER\\Desktop\\INTERNSHIP PROJECTS\\TASK 3\\dbm\\vendor\\laravel\\framework\\src\\Illuminate\\Foundation\\Console\\Kernel.php(201): Symfony\\Component\\Console\\Application->run(Object(Symfony\\Component\\Console\\Input\\ArgvInput), Object(Symfony\\Component\\Console\\Output\\ConsoleOutput))
#3 C:\\Users\\ACER\\Desktop\\INTERNSHIP PROJECTS\\TASK 3\\dbm\\artisan(35): Illuminate\\Foundation\\Console\\Kernel->handle(Object(Symfony\\Component\\Console\\Input\\ArgvInput), Object(Symfony\\Component\\Console\\Output\\ConsoleOutput))
#4 {main}
"} 
[2025-10-28 08:37:26] local.ERROR: Namespace declaration statement has to be the very first statement or after any declare call in the script {"exception":"[object] (Symfony\\Component\\ErrorHandler\\Error\\FatalError(code: 0): Namespace declaration statement has to be the very first statement or after any declare call in the script at C:\\Users\\ACER\\Desktop\\INTERNSHIP PROJECTS\\TASK 3\\dbm\\app\\Console\\Commands\\FindDuplicatesCommand.php:5)
[stacktrace]
#0 {main}
"} 
[2025-10-28 09:16:39] local.ERROR: SQLSTATE[42S22]: Column not found: 1054 Unknown column 'name' in 'field list' (Connection: mysql, SQL: select `name`, `area`, `city`, COUNT(*) as count from `businesses` where `name` is not null and `area` is not null and `city` is not null group by `name`, `area`, `city` having `count` > 1) {"exception":"[object] (Illuminate\\Database\\QueryException(code: 42S22): SQLSTATE[42S22]: Column not found: 1054 Unknown column 'name' in 'field list' (Connection: mysql, SQL: select `name`, `area`, `city`, COUNT(*) as count from `businesses` where `name` is not null and `area` is not null and `city` is not null group by `name`, `area`, `city` having `count` > 1) at C:\\Users\\ACER\\Desktop\\INTERNSHIP PROJECTS\\TASK 3\\dbm\\vendor\\laravel\\framework\\src\\Illuminate\\Database\\Connection.php:829)
[stacktrace]
#0 C:\\Users\\ACER\\Desktop\\INTERNSHIP PROJECTS\\TASK 3\\dbm\\vendor\\laravel\\framework\\src\\Illuminate\\Database\\Connection.php(783): Illuminate\\Database\\Connection->runQueryCallback('select `name`, ...', Array, Object(Closure))
#1 C:\\Users\\ACER\\Desktop\\INTERNSHIP PROJECTS\\TASK 3\\dbm\\vendor\\laravel\\framework\\src\\Illuminate\\Database\\Connection.php(414): Illuminate\\Database\\Connection->run('select `name`, ...', Array, Object(Closure))
#2 C:\\Users\\ACER\\Desktop\\INTERNSHIP PROJECTS\\TASK 3\\dbm\\vendor\\laravel\\framework\\src\\Illuminate\\Database\\Query\\Builder.php(2913): Illuminate\\Database\\Connection->select('select `name`, ...', Array, true)
#3 C:\\Users\\ACER\\Desktop\\INTERNSHIP PROJECTS\\TASK 3\\dbm\\vendor\\laravel\\framework\\src\\Illuminate\\Database\\Query\\Builder.php(2902): Illuminate\\Database\\Query\\Builder->runSelect()
#4 C:\\Users\\ACER\\Desktop\\INTERNSHIP PROJECTS\\TASK 3\\dbm\\vendor\\laravel\\framework\\src\\Illuminate\\Database\\Query\\Builder.php(3456): Illuminate\\Database\\Query\\Builder->Illuminate\\Database\\Query\\{closure}()
#5 C:\\Users\\ACER\\Desktop\\INTERNSHIP PROJECTS\\TASK 3\\dbm\\vendor\\laravel\\framework\\src\\Illuminate\\Database\\Query\\Builder.php(2901): Illuminate\\Database\\Query\\Builder->onceWithColumns(Array, Object(Closure))
#6 C:\\Users\\ACER\\Desktop\\INTERNSHIP PROJECTS\\TASK 3\\dbm\\app\\Console\\Commands\\FindDuplicatesCommand.php(46): Illuminate\\Database\\Query\\Builder->get()
#7 C:\\Users\\ACER\\Desktop\\INTERNSHIP PROJECTS\\TASK 3\\dbm\\vendor\\laravel\\framework\\src\\Illuminate\\Container\\BoundMethod.php(36): App\\Console\\Commands\\FindDuplicatesCommand->handle()
#8 C:\\Users\\ACER\\Desktop\\INTERNSHIP PROJECTS\\TASK 3\\dbm\\vendor\\laravel\\framework\\src\\Illuminate\\Container\\Util.php(41): Illuminate\\Container\\BoundMethod::Illuminate\\Container\\{closure}()
#9 C:\\Users\\ACER\\Desktop\\INTERNSHIP PROJECTS\\TASK 3\\dbm\\vendor\\laravel\\framework\\src\\Illuminate\\Container\\BoundMethod.php(93): Illuminate\\Container\\Util::unwrapIfClosure(Object(Closure))
#10 C:\\Users\\ACER\\Desktop\\INTERNSHIP PROJECTS\\TASK 3\\dbm\\vendor\\laravel\\framework\\src\\Illuminate\\Container\\BoundMethod.php(35): Illuminate\\Container\\BoundMethod::callBoundMethod(Object(Illuminate\\Foundation\\Application), Array, Object(Closure))
#11 C:\\Users\\ACER\\Desktop\\INTERNSHIP PROJECTS\\TASK 3\\dbm\\vendor\\laravel\\framework\\src\\Illuminate\\Container\\Container.php(662): Illuminate\\Container\\BoundMethod::call(Object(Illuminate\\Foundation\\Application), Array, Array, NULL)
#12 C:\\Users\\ACER\\Desktop\\INTERNSHIP PROJECTS\\TASK 3\\dbm\\vendor\\laravel\\framework\\src\\Illuminate\\Console\\Command.php(211): Illuminate\\Container\\Container->call(Array)
#13 C:\\Users\\ACER\\Desktop\\INTERNSHIP PROJECTS\\TASK 3\\dbm\\vendor\\symfony\\console\\Command\\Command.php(326): Illuminate\\Console\\Command->execute(Object(Symfony\\Component\\Console\\Input\\ArgvInput), Object(Illuminate\\Console\\OutputStyle))
#14 C:\\Users\\ACER\\Desktop\\INTERNSHIP PROJECTS\\TASK 3\\dbm\\vendor\\laravel\\framework\\src\\Illuminate\\Console\\Command.php(180): Symfony\\Component\\Console\\Command\\Command->run(Object(Symfony\\Component\\Console\\Input\\ArgvInput), Object(Illuminate\\Console\\OutputStyle))
#15 C:\\Users\\ACER\\Desktop\\INTERNSHIP PROJECTS\\TASK 3\\dbm\\vendor\\symfony\\console\\Application.php(1096): Illuminate\\Console\\Command->run(Object(Symfony\\Component\\Console\\Input\\ArgvInput), Object(Symfony\\Component\\Console\\Output\\ConsoleOutput))
#16 C:\\Users\\ACER\\Desktop\\INTERNSHIP PROJECTS\\TASK 3\\dbm\\vendor\\symfony\\console\\Application.php(324): Symfony\\Component\\Console\\Application->doRunCommand(Object(App\\Console\\Commands\\FindDuplicatesCommand), Object(Symfony\\Component\\Console\\Input\\ArgvInput), Object(Symfony\\Component\\Console\\Output\\ConsoleOutput))
#17 C:\\Users\\ACER\\Desktop\\INTERNSHIP PROJECTS\\TASK 3\\dbm\\vendor\\symfony\\console\\Application.php(175): Symfony\\Component\\Console\\Application->doRun(Object(Symfony\\Component\\Console\\Input\\ArgvInput), Object(Symfony\\Component\\Console\\Output\\ConsoleOutput))
#18 C:\\Users\\ACER\\Desktop\\INTERNSHIP PROJECTS\\TASK 3\\dbm\\vendor\\laravel\\framework\\src\\Illuminate\\Foundation\\Console\\Kernel.php(201): Symfony\\Component\\Console\\Application->run(Object(Symfony\\Component\\Console\\Input\\ArgvInput), Object(Symfony\\Component\\Console\\Output\\ConsoleOutput))
#19 C:\\Users\\ACER\\Desktop\\INTERNSHIP PROJECTS\\TASK 3\\dbm\\artisan(35): Illuminate\\Foundation\\Console\\Kernel->handle(Object(Symfony\\Component\\Console\\Input\\ArgvInput), Object(Symfony\\Component\\Console\\Output\\ConsoleOutput))
#20 {main}

[previous exception] [object] (PDOException(code: 42S22): SQLSTATE[42S22]: Column not found: 1054 Unknown column 'name' in 'field list' at C:\\Users\\ACER\\Desktop\\INTERNSHIP PROJECTS\\TASK 3\\dbm\\vendor\\laravel\\framework\\src\\Illuminate\\Database\\Connection.php:423)
[stacktrace]
#0 C:\\Users\\ACER\\Desktop\\INTERNSHIP PROJECTS\\TASK 3\\dbm\\vendor\\laravel\\framework\\src\\Illuminate\\Database\\Connection.php(423): PDO->prepare('select `name`, ...')
#1 C:\\Users\\ACER\\Desktop\\INTERNSHIP PROJECTS\\TASK 3\\dbm\\vendor\\laravel\\framework\\src\\Illuminate\\Database\\Connection.php(816): Illuminate\\Database\\Connection->Illuminate\\Database\\{closure}('select `name`, ...', Array)
#2 C:\\Users\\ACER\\Desktop\\INTERNSHIP PROJECTS\\TASK 3\\dbm\\vendor\\laravel\\framework\\src\\Illuminate\\Database\\Connection.php(783): Illuminate\\Database\\Connection->runQueryCallback('select `name`, ...', Array, Object(Closure))
#3 C:\\Users\\ACER\\Desktop\\INTERNSHIP PROJECTS\\TASK 3\\dbm\\vendor\\laravel\\framework\\src\\Illuminate\\Database\\Connection.php(414): Illuminate\\Database\\Connection->run('select `name`, ...', Array, Object(Closure))
#4 C:\\Users\\ACER\\Desktop\\INTERNSHIP PROJECTS\\TASK 3\\dbm\\vendor\\laravel\\framework\\src\\Illuminate\\Database\\Query\\Builder.php(2913): Illuminate\\Database\\Connection->select('select `name`, ...', Array, true)
#5 C:\\Users\\ACER\\Desktop\\INTERNSHIP PROJECTS\\TASK 3\\dbm\\vendor\\laravel\\framework\\src\\Illuminate\\Database\\Query\\Builder.php(2902): Illuminate\\Database\\Query\\Builder->runSelect()
#6 C:\\Users\\ACER\\Desktop\\INTERNSHIP PROJECTS\\TASK 3\\dbm\\vendor\\laravel\\framework\\src\\Illuminate\\Database\\Query\\Builder.php(3456): Illuminate\\Database\\Query\\Builder->Illuminate\\Database\\Query\\{closure}()
#7 C:\\Users\\ACER\\Desktop\\INTERNSHIP PROJECTS\\TASK 3\\dbm\\vendor\\laravel\\framework\\src\\Illuminate\\Database\\Query\\Builder.php(2901): Illuminate\\Database\\Query\\Builder->onceWithColumns(Array, Object(Closure))
#8 C:\\Users\\ACER\\Desktop\\INTERNSHIP PROJECTS\\TASK 3\\dbm\\app\\Console\\Commands\\FindDuplicatesCommand.php(46): Illuminate\\Database\\Query\\Builder->get()
#9 C:\\Users\\ACER\\Desktop\\INTERNSHIP PROJECTS\\TASK 3\\dbm\\vendor\\laravel\\framework\\src\\Illuminate\\Container\\BoundMethod.php(36): App\\Console\\Commands\\FindDuplicatesCommand->handle()
#10 C:\\Users\\ACER\\Desktop\\INTERNSHIP PROJECTS\\TASK 3\\dbm\\vendor\\laravel\\framework\\src\\Illuminate\\Container\\Util.php(41): Illuminate\\Container\\BoundMethod::Illuminate\\Container\\{closure}()
#11 C:\\Users\\ACER\\Desktop\\INTERNSHIP PROJECTS\\TASK 3\\dbm\\vendor\\laravel\\framework\\src\\Illuminate\\Container\\BoundMethod.php(93): Illuminate\\Container\\Util::unwrapIfClosure(Object(Closure))
#12 C:\\Users\\ACER\\Desktop\\INTERNSHIP PROJECTS\\TASK 3\\dbm\\vendor\\laravel\\framework\\src\\Illuminate\\Container\\BoundMethod.php(35): Illuminate\\Container\\BoundMethod::callBoundMethod(Object(Illuminate\\Foundation\\Application), Array, Object(Closure))
#13 C:\\Users\\ACER\\Desktop\\INTERNSHIP PROJECTS\\TASK 3\\dbm\\vendor\\laravel\\framework\\src\\Illuminate\\Container\\Container.php(662): Illuminate\\Container\\BoundMethod::call(Object(Illuminate\\Foundation\\Application), Array, Array, NULL)
#14 C:\\Users\\ACER\\Desktop\\INTERNSHIP PROJECTS\\TASK 3\\dbm\\vendor\\laravel\\framework\\src\\Illuminate\\Console\\Command.php(211): Illuminate\\Container\\Container->call(Array)
#15 C:\\Users\\ACER\\Desktop\\INTERNSHIP PROJECTS\\TASK 3\\dbm\\vendor\\symfony\\console\\Command\\Command.php(326): Illuminate\\Console\\Command->execute(Object(Symfony\\Component\\Console\\Input\\ArgvInput), Object(Illuminate\\Console\\OutputStyle))
#16 C:\\Users\\ACER\\Desktop\\INTERNSHIP PROJECTS\\TASK 3\\dbm\\vendor\\laravel\\framework\\src\\Illuminate\\Console\\Command.php(180): Symfony\\Component\\Console\\Command\\Command->run(Object(Symfony\\Component\\Console\\Input\\ArgvInput), Object(Illuminate\\Console\\OutputStyle))
#17 C:\\Users\\ACER\\Desktop\\INTERNSHIP PROJECTS\\TASK 3\\dbm\\vendor\\symfony\\console\\Application.php(1096): Illuminate\\Console\\Command->run(Object(Symfony\\Component\\Console\\Input\\ArgvInput), Object(Symfony\\Component\\Console\\Output\\ConsoleOutput))
#18 C:\\Users\\ACER\\Desktop\\INTERNSHIP PROJECTS\\TASK 3\\dbm\\vendor\\symfony\\console\\Application.php(324): Symfony\\Component\\Console\\Application->doRunCommand(Object(App\\Console\\Commands\\FindDuplicatesCommand), Object(Symfony\\Component\\Console\\Input\\ArgvInput), Object(Symfony\\Component\\Console\\Output\\ConsoleOutput))
#19 C:\\Users\\ACER\\Desktop\\INTERNSHIP PROJECTS\\TASK 3\\dbm\\vendor\\symfony\\console\\Application.php(175): Symfony\\Component\\Console\\Application->doRun(Object(Symfony\\Component\\Console\\Input\\ArgvInput), Object(Symfony\\Component\\Console\\Output\\ConsoleOutput))
#20 C:\\Users\\ACER\\Desktop\\INTERNSHIP PROJECTS\\TASK 3\\dbm\\vendor\\laravel\\framework\\src\\Illuminate\\Foundation\\Console\\Kernel.php(201): Symfony\\Component\\Console\\Application->run(Object(Symfony\\Component\\Console\\Input\\ArgvInput), Object(Symfony\\Component\\Console\\Output\\ConsoleOutput))
#21 C:\\Users\\ACER\\Desktop\\INTERNSHIP PROJECTS\\TASK 3\\dbm\\artisan(35): Illuminate\\Foundation\\Console\\Kernel->handle(Object(Symfony\\Component\\Console\\Input\\ArgvInput), Object(Symfony\\Component\\Console\\Output\\ConsoleOutput))
#22 {main}
"} 
[2025-10-28 09:25:57] local.ERROR: SQLSTATE[42S22]: Column not found: 1054 Unknown column 'is_complete' in 'where clause' (Connection: mysql, SQL: select count(*) as aggregate from `businesses` where `is_complete` = 0) {"exception":"[object] (Illuminate\\Database\\QueryException(code: 42S22): SQLSTATE[42S22]: Column not found: 1054 Unknown column 'is_complete' in 'where clause' (Connection: mysql, SQL: select count(*) as aggregate from `businesses` where `is_complete` = 0) at C:\\Users\\ACER\\Desktop\\INTERNSHIP PROJECTS\\TASK 3\\dbm\\vendor\\laravel\\framework\\src\\Illuminate\\Database\\Connection.php:829)
[stacktrace]
#0 C:\\Users\\ACER\\Desktop\\INTERNSHIP PROJECTS\\TASK 3\\dbm\\vendor\\laravel\\framework\\src\\Illuminate\\Database\\Connection.php(783): Illuminate\\Database\\Connection->runQueryCallback('select count(*)...', Array, Object(Closure))
#1 C:\\Users\\ACER\\Desktop\\INTERNSHIP PROJECTS\\TASK 3\\dbm\\vendor\\laravel\\framework\\src\\Illuminate\\Database\\Connection.php(414): Illuminate\\Database\\Connection->run('select count(*)...', Array, Object(Closure))
#2 C:\\Users\\ACER\\Desktop\\INTERNSHIP PROJECTS\\TASK 3\\dbm\\vendor\\laravel\\framework\\src\\Illuminate\\Database\\Query\\Builder.php(2913): Illuminate\\Database\\Connection->select('select count(*)...', Array, true)
#3 C:\\Users\\ACER\\Desktop\\INTERNSHIP PROJECTS\\TASK 3\\dbm\\vendor\\laravel\\framework\\src\\Illuminate\\Database\\Query\\Builder.php(2902): Illuminate\\Database\\Query\\Builder->runSelect()
#4 C:\\Users\\ACER\\Desktop\\INTERNSHIP PROJECTS\\TASK 3\\dbm\\vendor\\laravel\\framework\\src\\Illuminate\\Database\\Query\\Builder.php(3456): Illuminate\\Database\\Query\\Builder->Illuminate\\Database\\Query\\{closure}()
#5 C:\\Users\\ACER\\Desktop\\INTERNSHIP PROJECTS\\TASK 3\\dbm\\vendor\\laravel\\framework\\src\\Illuminate\\Database\\Query\\Builder.php(2901): Illuminate\\Database\\Query\\Builder->onceWithColumns(Array, Object(Closure))
#6 C:\\Users\\ACER\\Desktop\\INTERNSHIP PROJECTS\\TASK 3\\dbm\\vendor\\laravel\\framework\\src\\Illuminate\\Database\\Query\\Builder.php(3383): Illuminate\\Database\\Query\\Builder->get(Array)
#7 C:\\Users\\ACER\\Desktop\\INTERNSHIP PROJECTS\\TASK 3\\dbm\\vendor\\laravel\\framework\\src\\Illuminate\\Database\\Query\\Builder.php(3311): Illuminate\\Database\\Query\\Builder->aggregate('count', Array)
#8 C:\\Users\\ACER\\Desktop\\INTERNSHIP PROJECTS\\TASK 3\\dbm\\vendor\\laravel\\framework\\src\\Illuminate\\Database\\Eloquent\\Builder.php(1982): Illuminate\\Database\\Query\\Builder->count()
#9 C:\\Users\\ACER\\Desktop\\INTERNSHIP PROJECTS\\TASK 3\\dbm\\app\\Http\\Controllers\\ReportController.php(48): Illuminate\\Database\\Eloquent\\Builder->__call('count', Array)
#10 C:\\Users\\ACER\\Desktop\\INTERNSHIP PROJECTS\\TASK 3\\dbm\\vendor\\laravel\\framework\\src\\Illuminate\\Routing\\Controller.php(54): App\\Http\\Controllers\\ReportController->index()
#11 C:\\Users\\ACER\\Desktop\\INTERNSHIP PROJECTS\\TASK 3\\dbm\\vendor\\laravel\\framework\\src\\Illuminate\\Routing\\ControllerDispatcher.php(43): Illuminate\\Routing\\Controller->callAction('index', Array)
#12 C:\\Users\\ACER\\Desktop\\INTERNSHIP PROJECTS\\TASK 3\\dbm\\vendor\\laravel\\framework\\src\\Illuminate\\Routing\\Route.php(259): Illuminate\\Routing\\ControllerDispatcher->dispatch(Object(Illuminate\\Routing\\Route), Object(App\\Http\\Controllers\\ReportController), 'index')
#13 C:\\Users\\ACER\\Desktop\\INTERNSHIP PROJECTS\\TASK 3\\dbm\\vendor\\laravel\\framework\\src\\Illuminate\\Routing\\Route.php(205): Illuminate\\Routing\\Route->runController()
#14 C:\\Users\\ACER\\Desktop\\INTERNSHIP PROJECTS\\TASK 3\\dbm\\vendor\\laravel\\framework\\src\\Illuminate\\Routing\\Router.php(806): Illuminate\\Routing\\Route->run()
#15 C:\\Users\\ACER\\Desktop\\INTERNSHIP PROJECTS\\TASK 3\\dbm\\vendor\\laravel\\framework\\src\\Illuminate\\Pipeline\\Pipeline.php(144): Illuminate\\Routing\\Router->Illuminate\\Routing\\{closure}(Object(Illuminate\\Http\\Request))
#16 C:\\Users\\ACER\\Desktop\\INTERNSHIP PROJECTS\\TASK 3\\dbm\\vendor\\laravel\\framework\\src\\Illuminate\\Routing\\Middleware\\SubstituteBindings.php(50): Illuminate\\Pipeline\\Pipeline->Illuminate\\Pipeline\\{closure}(Object(Illuminate\\Http\\Request))
#17 C:\\Users\\ACER\\Desktop\\INTERNSHIP PROJECTS\\TASK 3\\dbm\\vendor\\laravel\\framework\\src\\Illuminate\\Pipeline\\Pipeline.php(183): Illuminate\\Routing\\Middleware\\SubstituteBindings->handle(Object(Illuminate\\Http\\Request), Object(Closure))
#18 C:\\Users\\ACER\\Desktop\\INTERNSHIP PROJECTS\\TASK 3\\dbm\\vendor\\laravel\\framework\\src\\Illuminate\\Foundation\\Http\\Middleware\\VerifyCsrfToken.php(78): Illuminate\\Pipeline\\Pipeline->Illuminate\\Pipeline\\{closure}(Object(Illuminate\\Http\\Request))
#19 C:\\Users\\ACER\\Desktop\\INTERNSHIP PROJECTS\\TASK 3\\dbm\\vendor\\laravel\\framework\\src\\Illuminate\\Pipeline\\Pipeline.php(183): Illuminate\\Foundation\\Http\\Middleware\\VerifyCsrfToken->handle(Object(Illuminate\\Http\\Request), Object(Closure))
#20 C:\\Users\\ACER\\Desktop\\INTERNSHIP PROJECTS\\TASK 3\\dbm\\vendor\\laravel\\framework\\src\\Illuminate\\View\\Middleware\\ShareErrorsFromSession.php(49): Illuminate\\Pipeline\\Pipeline->Illuminate\\Pipeline\\{closure}(Object(Illuminate\\Http\\Request))
#21 C:\\Users\\ACER\\Desktop\\INTERNSHIP PROJECTS\\TASK 3\\dbm\\vendor\\laravel\\framework\\src\\Illuminate\\Pipeline\\Pipeline.php(183): Illuminate\\View\\Middleware\\ShareErrorsFromSession->handle(Object(Illuminate\\Http\\Request), Object(Closure))
#22 C:\\Users\\ACER\\Desktop\\INTERNSHIP PROJECTS\\TASK 3\\dbm\\vendor\\laravel\\framework\\src\\Illuminate\\Session\\Middleware\\StartSession.php(121): Illuminate\\Pipeline\\Pipeline->Illuminate\\Pipeline\\{closure}(Object(Illuminate\\Http\\Request))
#23 C:\\Users\\ACER\\Desktop\\INTERNSHIP PROJECTS\\TASK 3\\dbm\\vendor\\laravel\\framework\\src\\Illuminate\\Session\\Middleware\\StartSession.php(64): Illuminate\\Session\\Middleware\\StartSession->handleStatefulRequest(Object(Illuminate\\Http\\Request), Object(Illuminate\\Session\\Store), Object(Closure))
#24 C:\\Users\\ACER\\Desktop\\INTERNSHIP PROJECTS\\TASK 3\\dbm\\vendor\\laravel\\framework\\src\\Illuminate\\Pipeline\\Pipeline.php(183): Illuminate\\Session\\Middleware\\StartSession->handle(Object(Illuminate\\Http\\Request), Object(Closure))
#25 C:\\Users\\ACER\\Desktop\\INTERNSHIP PROJECTS\\TASK 3\\dbm\\vendor\\laravel\\framework\\src\\Illuminate\\Cookie\\Middleware\\AddQueuedCookiesToResponse.php(37): Illuminate\\Pipeline\\Pipeline->Illuminate\\Pipeline\\{closure}(Object(Illuminate\\Http\\Request))
#26 C:\\Users\\ACER\\Desktop\\INTERNSHIP PROJECTS\\TASK 3\\dbm\\vendor\\laravel\\framework\\src\\Illuminate\\Pipeline\\Pipeline.php(183): Illuminate\\Cookie\\Middleware\\AddQueuedCookiesToResponse->handle(Object(Illuminate\\Http\\Request), Object(Closure))
#27 C:\\Users\\ACER\\Desktop\\INTERNSHIP PROJECTS\\TASK 3\\dbm\\vendor\\laravel\\framework\\src\\Illuminate\\Cookie\\Middleware\\EncryptCookies.php(67): Illuminate\\Pipeline\\Pipeline->Illuminate\\Pipeline\\{closure}(Object(Illuminate\\Http\\Request))
#28 C:\\Users\\ACER\\Desktop\\INTERNSHIP PROJECTS\\TASK 3\\dbm\\vendor\\laravel\\framework\\src\\Illuminate\\Pipeline\\Pipeline.php(183): Illuminate\\Cookie\\Middleware\\EncryptCookies->handle(Object(Illuminate\\Http\\Request), Object(Closure))
#29 C:\\Users\\ACER\\Desktop\\INTERNSHIP PROJECTS\\TASK 3\\dbm\\vendor\\laravel\\framework\\src\\Illuminate\\Pipeline\\Pipeline.php(119): Illuminate\\Pipeline\\Pipeline->Illuminate\\Pipeline\\{closure}(Object(Illuminate\\Http\\Request))
#30 C:\\Users\\ACER\\Desktop\\INTERNSHIP PROJECTS\\TASK 3\\dbm\\vendor\\laravel\\framework\\src\\Illuminate\\Routing\\Router.php(805): Illuminate\\Pipeline\\Pipeline->then(Object(Closure))
#31 C:\\Users\\ACER\\Desktop\\INTERNSHIP PROJECTS\\TASK 3\\dbm\\vendor\\laravel\\framework\\src\\Illuminate\\Routing\\Router.php(784): Illuminate\\Routing\\Router->runRouteWithinStack(Object(Illuminate\\Routing\\Route), Object(Illuminate\\Http\\Request))
#32 C:\\Users\\ACER\\Desktop\\INTERNSHIP PROJECTS\\TASK 3\\dbm\\vendor\\laravel\\framework\\src\\Illuminate\\Routing\\Router.php(748): Illuminate\\Routing\\Router->runRoute(Object(Illuminate\\Http\\Request), Object(Illuminate\\Routing\\Route))
#33 C:\\Users\\ACER\\Desktop\\INTERNSHIP PROJECTS\\TASK 3\\dbm\\vendor\\laravel\\framework\\src\\Illuminate\\Routing\\Router.php(737): Illuminate\\Routing\\Router->dispatchToRoute(Object(Illuminate\\Http\\Request))
#34 C:\\Users\\ACER\\Desktop\\INTERNSHIP PROJECTS\\TASK 3\\dbm\\vendor\\laravel\\framework\\src\\Illuminate\\Foundation\\Http\\Kernel.php(200): Illuminate\\Routing\\Router->dispatch(Object(Illuminate\\Http\\Request))
#35 C:\\Users\\ACER\\Desktop\\INTERNSHIP PROJECTS\\TASK 3\\dbm\\vendor\\laravel\\framework\\src\\Illuminate\\Pipeline\\Pipeline.php(144): Illuminate\\Foundation\\Http\\Kernel->Illuminate\\Foundation\\Http\\{closure}(Object(Illuminate\\Http\\Request))
#36 C:\\Users\\ACER\\Desktop\\INTERNSHIP PROJECTS\\TASK 3\\dbm\\vendor\\laravel\\framework\\src\\Illuminate\\Foundation\\Http\\Middleware\\TransformsRequest.php(21): Illuminate\\Pipeline\\Pipeline->Illuminate\\Pipeline\\{closure}(Object(Illuminate\\Http\\Request))
#37 C:\\Users\\ACER\\Desktop\\INTERNSHIP PROJECTS\\TASK 3\\dbm\\vendor\\laravel\\framework\\src\\Illuminate\\Foundation\\Http\\Middleware\\ConvertEmptyStringsToNull.php(31): Illuminate\\Foundation\\Http\\Middleware\\TransformsRequest->handle(Object(Illuminate\\Http\\Request), Object(Closure))
#38 C:\\Users\\ACER\\Desktop\\INTERNSHIP PROJECTS\\TASK 3\\dbm\\vendor\\laravel\\framework\\src\\Illuminate\\Pipeline\\Pipeline.php(183): Illuminate\\Foundation\\Http\\Middleware\\ConvertEmptyStringsToNull->handle(Object(Illuminate\\Http\\Request), Object(Closure))
#39 C:\\Users\\ACER\\Desktop\\INTERNSHIP PROJECTS\\TASK 3\\dbm\\vendor\\laravel\\framework\\src\\Illuminate\\Foundation\\Http\\Middleware\\TransformsRequest.php(21): Illuminate\\Pipeline\\Pipeline->Illuminate\\Pipeline\\{closure}(Object(Illuminate\\Http\\Request))
#40 C:\\Users\\ACER\\Desktop\\INTERNSHIP PROJECTS\\TASK 3\\dbm\\vendor\\laravel\\framework\\src\\Illuminate\\Foundation\\Http\\Middleware\\TrimStrings.php(40): Illuminate\\Foundation\\Http\\Middleware\\TransformsRequest->handle(Object(Illuminate\\Http\\Request), Object(Closure))
#41 C:\\Users\\ACER\\Desktop\\INTERNSHIP PROJECTS\\TASK 3\\dbm\\vendor\\laravel\\framework\\src\\Illuminate\\Pipeline\\Pipeline.php(183): Illuminate\\Foundation\\Http\\Middleware\\TrimStrings->handle(Object(Illuminate\\Http\\Request), Object(Closure))
#42 C:\\Users\\ACER\\Desktop\\INTERNSHIP PROJECTS\\TASK 3\\dbm\\vendor\\laravel\\framework\\src\\Illuminate\\Foundation\\Http\\Middleware\\ValidatePostSize.php(27): Illuminate\\Pipeline\\Pipeline->Illuminate\\Pipeline\\{closure}(Object(Illuminate\\Http\\Request))
#43 C:\\Users\\ACER\\Desktop\\INTERNSHIP PROJECTS\\TASK 3\\dbm\\vendor\\laravel\\framework\\src\\Illuminate\\Pipeline\\Pipeline.php(183): Illuminate\\Foundation\\Http\\Middleware\\ValidatePostSize->handle(Object(Illuminate\\Http\\Request), Object(Closure))
#44 C:\\Users\\ACER\\Desktop\\INTERNSHIP PROJECTS\\TASK 3\\dbm\\vendor\\laravel\\framework\\src\\Illuminate\\Foundation\\Http\\Middleware\\PreventRequestsDuringMaintenance.php(99): Illuminate\\Pipeline\\Pipeline->Illuminate\\Pipeline\\{closure}(Object(Illuminate\\Http\\Request))
#45 C:\\Users\\ACER\\Desktop\\INTERNSHIP PROJECTS\\TASK 3\\dbm\\vendor\\laravel\\framework\\src\\Illuminate\\Pipeline\\Pipeline.php(183): Illuminate\\Foundation\\Http\\Middleware\\PreventRequestsDuringMaintenance->handle(Object(Illuminate\\Http\\Request), Object(Closure))
#46 C:\\Users\\ACER\\Desktop\\INTERNSHIP PROJECTS\\TASK 3\\dbm\\vendor\\laravel\\framework\\src\\Illuminate\\Http\\Middleware\\HandleCors.php(49): Illuminate\\Pipeline\\Pipeline->Illuminate\\Pipeline\\{closure}(Object(Illuminate\\Http\\Request))
#47 C:\\Users\\ACER\\Desktop\\INTERNSHIP PROJECTS\\TASK 3\\dbm\\vendor\\laravel\\framework\\src\\Illuminate\\Pipeline\\Pipeline.php(183): Illuminate\\Http\\Middleware\\HandleCors->handle(Object(Illuminate\\Http\\Request), Object(Closure))
#48 C:\\Users\\ACER\\Desktop\\INTERNSHIP PROJECTS\\TASK 3\\dbm\\vendor\\laravel\\framework\\src\\Illuminate\\Http\\Middleware\\TrustProxies.php(39): Illuminate\\Pipeline\\Pipeline->Illuminate\\Pipeline\\{closure}(Object(Illuminate\\Http\\Request))
#49 C:\\Users\\ACER\\Desktop\\INTERNSHIP PROJECTS\\TASK 3\\dbm\\vendor\\laravel\\framework\\src\\Illuminate\\Pipeline\\Pipeline.php(183): Illuminate\\Http\\Middleware\\TrustProxies->handle(Object(Illuminate\\Http\\Request), Object(Closure))
#50 C:\\Users\\ACER\\Desktop\\INTERNSHIP PROJECTS\\TASK 3\\dbm\\vendor\\laravel\\framework\\src\\Illuminate\\Pipeline\\Pipeline.php(119): Illuminate\\Pipeline\\Pipeline->Illuminate\\Pipeline\\{closure}(Object(Illuminate\\Http\\Request))
#51 C:\\Users\\ACER\\Desktop\\INTERNSHIP PROJECTS\\TASK 3\\dbm\\vendor\\laravel\\framework\\src\\Illuminate\\Foundation\\Http\\Kernel.php(175): Illuminate\\Pipeline\\Pipeline->then(Object(Closure))
#52 C:\\Users\\ACER\\Desktop\\INTERNSHIP PROJECTS\\TASK 3\\dbm\\vendor\\laravel\\framework\\src\\Illuminate\\Foundation\\Http\\Kernel.php(144): Illuminate\\Foundation\\Http\\Kernel->sendRequestThroughRouter(Object(Illuminate\\Http\\Request))
#53 C:\\Users\\ACER\\Desktop\\INTERNSHIP PROJECTS\\TASK 3\\dbm\\public\\index.php(51): Illuminate\\Foundation\\Http\\Kernel->handle(Object(Illuminate\\Http\\Request))
#54 C:\\Users\\ACER\\Desktop\\INTERNSHIP PROJECTS\\TASK 3\\dbm\\vendor\\laravel\\framework\\src\\Illuminate\\Foundation\\resources\\server.php(16): require_once('C:\\\\Users\\\\ACER\\\\D...')
#55 {main}

[previous exception] [object] (PDOException(code: 42S22): SQLSTATE[42S22]: Column not found: 1054 Unknown column 'is_complete' in 'where clause' at C:\\Users\\ACER\\Desktop\\INTERNSHIP PROJECTS\\TASK 3\\dbm\\vendor\\laravel\\framework\\src\\Illuminate\\Database\\Connection.php:423)
[stacktrace]
#0 C:\\Users\\ACER\\Desktop\\INTERNSHIP PROJECTS\\TASK 3\\dbm\\vendor\\laravel\\framework\\src\\Illuminate\\Database\\Connection.php(423): PDO->prepare('select count(*)...')
#1 C:\\Users\\ACER\\Desktop\\INTERNSHIP PROJECTS\\TASK 3\\dbm\\vendor\\laravel\\framework\\src\\Illuminate\\Database\\Connection.php(816): Illuminate\\Database\\Connection->Illuminate\\Database\\{closure}('select count(*)...', Array)
#2 C:\\Users\\ACER\\Desktop\\INTERNSHIP PROJECTS\\TASK 3\\dbm\\vendor\\laravel\\framework\\src\\Illuminate\\Database\\Connection.php(783): Illuminate\\Database\\Connection->runQueryCallback('select count(*)...', Array, Object(Closure))
#3 C:\\Users\\ACER\\Desktop\\INTERNSHIP PROJECTS\\TASK 3\\dbm\\vendor\\laravel\\framework\\src\\Illuminate\\Database\\Connection.php(414): Illuminate\\Database\\Connection->run('select count(*)...', Array, Object(Closure))
#4 C:\\Users\\ACER\\Desktop\\INTERNSHIP PROJECTS\\TASK 3\\dbm\\vendor\\laravel\\framework\\src\\Illuminate\\Database\\Query\\Builder.php(2913): Illuminate\\Database\\Connection->select('select count(*)...', Array, true)
#5 C:\\Users\\ACER\\Desktop\\INTERNSHIP PROJECTS\\TASK 3\\dbm\\vendor\\laravel\\framework\\src\\Illuminate\\Database\\Query\\Builder.php(2902): Illuminate\\Database\\Query\\Builder->runSelect()
#6 C:\\Users\\ACER\\Desktop\\INTERNSHIP PROJECTS\\TASK 3\\dbm\\vendor\\laravel\\framework\\src\\Illuminate\\Database\\Query\\Builder.php(3456): Illuminate\\Database\\Query\\Builder->Illuminate\\Database\\Query\\{closure}()
#7 C:\\Users\\ACER\\Desktop\\INTERNSHIP PROJECTS\\TASK 3\\dbm\\vendor\\laravel\\framework\\src\\Illuminate\\Database\\Query\\Builder.php(2901): Illuminate\\Database\\Query\\Builder->onceWithColumns(Array, Object(Closure))
#8 C:\\Users\\ACER\\Desktop\\INTERNSHIP PROJECTS\\TASK 3\\dbm\\vendor\\laravel\\framework\\src\\Illuminate\\Database\\Query\\Builder.php(3383): Illuminate\\Database\\Query\\Builder->get(Array)
#9 C:\\Users\\ACER\\Desktop\\INTERNSHIP PROJECTS\\TASK 3\\dbm\\vendor\\laravel\\framework\\src\\Illuminate\\Database\\Query\\Builder.php(3311): Illuminate\\Database\\Query\\Builder->aggregate('count', Array)
#10 C:\\Users\\ACER\\Desktop\\INTERNSHIP PROJECTS\\TASK 3\\dbm\\vendor\\laravel\\framework\\src\\Illuminate\\Database\\Eloquent\\Builder.php(1982): Illuminate\\Database\\Query\\Builder->count()
#11 C:\\Users\\ACER\\Desktop\\INTERNSHIP PROJECTS\\TASK 3\\dbm\\app\\Http\\Controllers\\ReportController.php(48): Illuminate\\Database\\Eloquent\\Builder->__call('count', Array)
#12 C:\\Users\\ACER\\Desktop\\INTERNSHIP PROJECTS\\TASK 3\\dbm\\vendor\\laravel\\framework\\src\\Illuminate\\Routing\\Controller.php(54): App\\Http\\Controllers\\ReportController->index()
#13 C:\\Users\\ACER\\Desktop\\INTERNSHIP PROJECTS\\TASK 3\\dbm\\vendor\\laravel\\framework\\src\\Illuminate\\Routing\\ControllerDispatcher.php(43): Illuminate\\Routing\\Controller->callAction('index', Array)
#14 C:\\Users\\ACER\\Desktop\\INTERNSHIP PROJECTS\\TASK 3\\dbm\\vendor\\laravel\\framework\\src\\Illuminate\\Routing\\Route.php(259): Illuminate\\Routing\\ControllerDispatcher->dispatch(Object(Illuminate\\Routing\\Route), Object(App\\Http\\Controllers\\ReportController), 'index')
#15 C:\\Users\\ACER\\Desktop\\INTERNSHIP PROJECTS\\TASK 3\\dbm\\vendor\\laravel\\framework\\src\\Illuminate\\Routing\\Route.php(205): Illuminate\\Routing\\Route->runController()
#16 C:\\Users\\ACER\\Desktop\\INTERNSHIP PROJECTS\\TASK 3\\dbm\\vendor\\laravel\\framework\\src\\Illuminate\\Routing\\Router.php(806): Illuminate\\Routing\\Route->run()
#17 C:\\Users\\ACER\\Desktop\\INTERNSHIP PROJECTS\\TASK 3\\dbm\\vendor\\laravel\\framework\\src\\Illuminate\\Pipeline\\Pipeline.php(144): Illuminate\\Routing\\Router->Illuminate\\Routing\\{closure}(Object(Illuminate\\Http\\Request))
#18 C:\\Users\\ACER\\Desktop\\INTERNSHIP PROJECTS\\TASK 3\\dbm\\vendor\\laravel\\framework\\src\\Illuminate\\Routing\\Middleware\\SubstituteBindings.php(50): Illuminate\\Pipeline\\Pipeline->Illuminate\\Pipeline\\{closure}(Object(Illuminate\\Http\\Request))
#19 C:\\Users\\ACER\\Desktop\\INTERNSHIP PROJECTS\\TASK 3\\dbm\\vendor\\laravel\\framework\\src\\Illuminate\\Pipeline\\Pipeline.php(183): Illuminate\\Routing\\Middleware\\SubstituteBindings->handle(Object(Illuminate\\Http\\Request), Object(Closure))
#20 C:\\Users\\ACER\\Desktop\\INTERNSHIP PROJECTS\\TASK 3\\dbm\\vendor\\laravel\\framework\\src\\Illuminate\\Foundation\\Http\\Middleware\\VerifyCsrfToken.php(78): Illuminate\\Pipeline\\Pipeline->Illuminate\\Pipeline\\{closure}(Object(Illuminate\\Http\\Request))
#21 C:\\Users\\ACER\\Desktop\\INTERNSHIP PROJECTS\\TASK 3\\dbm\\vendor\\laravel\\framework\\src\\Illuminate\\Pipeline\\Pipeline.php(183): Illuminate\\Foundation\\Http\\Middleware\\VerifyCsrfToken->handle(Object(Illuminate\\Http\\Request), Object(Closure))
#22 C:\\Users\\ACER\\Desktop\\INTERNSHIP PROJECTS\\TASK 3\\dbm\\vendor\\laravel\\framework\\src\\Illuminate\\View\\Middleware\\ShareErrorsFromSession.php(49): Illuminate\\Pipeline\\Pipeline->Illuminate\\Pipeline\\{closure}(Object(Illuminate\\Http\\Request))
#23 C:\\Users\\ACER\\Desktop\\INTERNSHIP PROJECTS\\TASK 3\\dbm\\vendor\\laravel\\framework\\src\\Illuminate\\Pipeline\\Pipeline.php(183): Illuminate\\View\\Middleware\\ShareErrorsFromSession->handle(Object(Illuminate\\Http\\Request), Object(Closure))
#24 C:\\Users\\ACER\\Desktop\\INTERNSHIP PROJECTS\\TASK 3\\dbm\\vendor\\laravel\\framework\\src\\Illuminate\\Session\\Middleware\\StartSession.php(121): Illuminate\\Pipeline\\Pipeline->Illuminate\\Pipeline\\{closure}(Object(Illuminate\\Http\\Request))
#25 C:\\Users\\ACER\\Desktop\\INTERNSHIP PROJECTS\\TASK 3\\dbm\\vendor\\laravel\\framework\\src\\Illuminate\\Session\\Middleware\\StartSession.php(64): Illuminate\\Session\\Middleware\\StartSession->handleStatefulRequest(Object(Illuminate\\Http\\Request), Object(Illuminate\\Session\\Store), Object(Closure))
#26 C:\\Users\\ACER\\Desktop\\INTERNSHIP PROJECTS\\TASK 3\\dbm\\vendor\\laravel\\framework\\src\\Illuminate\\Pipeline\\Pipeline.php(183): Illuminate\\Session\\Middleware\\StartSession->handle(Object(Illuminate\\Http\\Request), Object(Closure))
#27 C:\\Users\\ACER\\Desktop\\INTERNSHIP PROJECTS\\TASK 3\\dbm\\vendor\\laravel\\framework\\src\\Illuminate\\Cookie\\Middleware\\AddQueuedCookiesToResponse.php(37): Illuminate\\Pipeline\\Pipeline->Illuminate\\Pipeline\\{closure}(Object(Illuminate\\Http\\Request))
#28 C:\\Users\\ACER\\Desktop\\INTERNSHIP PROJECTS\\TASK 3\\dbm\\vendor\\laravel\\framework\\src\\Illuminate\\Pipeline\\Pipeline.php(183): Illuminate\\Cookie\\Middleware\\AddQueuedCookiesToResponse->handle(Object(Illuminate\\Http\\Request), Object(Closure))
#29 C:\\Users\\ACER\\Desktop\\INTERNSHIP PROJECTS\\TASK 3\\dbm\\vendor\\laravel\\framework\\src\\Illuminate\\Cookie\\Middleware\\EncryptCookies.php(67): Illuminate\\Pipeline\\Pipeline->Illuminate\\Pipeline\\{closure}(Object(Illuminate\\Http\\Request))
#30 C:\\Users\\ACER\\Desktop\\INTERNSHIP PROJECTS\\TASK 3\\dbm\\vendor\\laravel\\framework\\src\\Illuminate\\Pipeline\\Pipeline.php(183): Illuminate\\Cookie\\Middleware\\EncryptCookies->handle(Object(Illuminate\\Http\\Request), Object(Closure))
#31 C:\\Users\\ACER\\Desktop\\INTERNSHIP PROJECTS\\TASK 3\\dbm\\vendor\\laravel\\framework\\src\\Illuminate\\Pipeline\\Pipeline.php(119): Illuminate\\Pipeline\\Pipeline->Illuminate\\Pipeline\\{closure}(Object(Illuminate\\Http\\Request))
#32 C:\\Users\\ACER\\Desktop\\INTERNSHIP PROJECTS\\TASK 3\\dbm\\vendor\\laravel\\framework\\src\\Illuminate\\Routing\\Router.php(805): Illuminate\\Pipeline\\Pipeline->then(Object(Closure))
#33 C:\\Users\\ACER\\Desktop\\INTERNSHIP PROJECTS\\TASK 3\\dbm\\vendor\\laravel\\framework\\src\\Illuminate\\Routing\\Router.php(784): Illuminate\\Routing\\Router->runRouteWithinStack(Object(Illuminate\\Routing\\Route), Object(Illuminate\\Http\\Request))
#34 C:\\Users\\ACER\\Desktop\\INTERNSHIP PROJECTS\\TASK 3\\dbm\\vendor\\laravel\\framework\\src\\Illuminate\\Routing\\Router.php(748): Illuminate\\Routing\\Router->runRoute(Object(Illuminate\\Http\\Request), Object(Illuminate\\Routing\\Route))
#35 C:\\Users\\ACER\\Desktop\\INTERNSHIP PROJECTS\\TASK 3\\dbm\\vendor\\laravel\\framework\\src\\Illuminate\\Routing\\Router.php(737): Illuminate\\Routing\\Router->dispatchToRoute(Object(Illuminate\\Http\\Request))
#36 C:\\Users\\ACER\\Desktop\\INTERNSHIP PROJECTS\\TASK 3\\dbm\\vendor\\laravel\\framework\\src\\Illuminate\\Foundation\\Http\\Kernel.php(200): Illuminate\\Routing\\Router->dispatch(Object(Illuminate\\Http\\Request))
#37 C:\\Users\\ACER\\Desktop\\INTERNSHIP PROJECTS\\TASK 3\\dbm\\vendor\\laravel\\framework\\src\\Illuminate\\Pipeline\\Pipeline.php(144): Illuminate\\Foundation\\Http\\Kernel->Illuminate\\Foundation\\Http\\{closure}(Object(Illuminate\\Http\\Request))
#38 C:\\Users\\ACER\\Desktop\\INTERNSHIP PROJECTS\\TASK 3\\dbm\\vendor\\laravel\\framework\\src\\Illuminate\\Foundation\\Http\\Middleware\\TransformsRequest.php(21): Illuminate\\Pipeline\\Pipeline->Illuminate\\Pipeline\\{closure}(Object(Illuminate\\Http\\Request))
#39 C:\\Users\\ACER\\Desktop\\INTERNSHIP PROJECTS\\TASK 3\\dbm\\vendor\\laravel\\framework\\src\\Illuminate\\Foundation\\Http\\Middleware\\ConvertEmptyStringsToNull.php(31): Illuminate\\Foundation\\Http\\Middleware\\TransformsRequest->handle(Object(Illuminate\\Http\\Request), Object(Closure))
#40 C:\\Users\\ACER\\Desktop\\INTERNSHIP PROJECTS\\TASK 3\\dbm\\vendor\\laravel\\framework\\src\\Illuminate\\Pipeline\\Pipeline.php(183): Illuminate\\Foundation\\Http\\Middleware\\ConvertEmptyStringsToNull->handle(Object(Illuminate\\Http\\Request), Object(Closure))
#41 C:\\Users\\ACER\\Desktop\\INTERNSHIP PROJECTS\\TASK 3\\dbm\\vendor\\laravel\\framework\\src\\Illuminate\\Foundation\\Http\\Middleware\\TransformsRequest.php(21): Illuminate\\Pipeline\\Pipeline->Illuminate\\Pipeline\\{closure}(Object(Illuminate\\Http\\Request))
#42 C:\\Users\\ACER\\Desktop\\INTERNSHIP PROJECTS\\TASK 3\\dbm\\vendor\\laravel\\framework\\src\\Illuminate\\Foundation\\Http\\Middleware\\TrimStrings.php(40): Illuminate\\Foundation\\Http\\Middleware\\TransformsRequest->handle(Object(Illuminate\\Http\\Request), Object(Closure))
#43 C:\\Users\\ACER\\Desktop\\INTERNSHIP PROJECTS\\TASK 3\\dbm\\vendor\\laravel\\framework\\src\\Illuminate\\Pipeline\\Pipeline.php(183): Illuminate\\Foundation\\Http\\Middleware\\TrimStrings->handle(Object(Illuminate\\Http\\Request), Object(Closure))
#44 C:\\Users\\ACER\\Desktop\\INTERNSHIP PROJECTS\\TASK 3\\dbm\\vendor\\laravel\\framework\\src\\Illuminate\\Foundation\\Http\\Middleware\\ValidatePostSize.php(27): Illuminate\\Pipeline\\Pipeline->Illuminate\\Pipeline\\{closure}(Object(Illuminate\\Http\\Request))
#45 C:\\Users\\ACER\\Desktop\\INTERNSHIP PROJECTS\\TASK 3\\dbm\\vendor\\laravel\\framework\\src\\Illuminate\\Pipeline\\Pipeline.php(183): Illuminate\\Foundation\\Http\\Middleware\\ValidatePostSize->handle(Object(Illuminate\\Http\\Request), Object(Closure))
#46 C:\\Users\\ACER\\Desktop\\INTERNSHIP PROJECTS\\TASK 3\\dbm\\vendor\\laravel\\framework\\src\\Illuminate\\Foundation\\Http\\Middleware\\PreventRequestsDuringMaintenance.php(99): Illuminate\\Pipeline\\Pipeline->Illuminate\\Pipeline\\{closure}(Object(Illuminate\\Http\\Request))
#47 C:\\Users\\ACER\\Desktop\\INTERNSHIP PROJECTS\\TASK 3\\dbm\\vendor\\laravel\\framework\\src\\Illuminate\\Pipeline\\Pipeline.php(183): Illuminate\\Foundation\\Http\\Middleware\\PreventRequestsDuringMaintenance->handle(Object(Illuminate\\Http\\Request), Object(Closure))
#48 C:\\Users\\ACER\\Desktop\\INTERNSHIP PROJECTS\\TASK 3\\dbm\\vendor\\laravel\\framework\\src\\Illuminate\\Http\\Middleware\\HandleCors.php(49): Illuminate\\Pipeline\\Pipeline->Illuminate\\Pipeline\\{closure}(Object(Illuminate\\Http\\Request))
#49 C:\\Users\\ACER\\Desktop\\INTERNSHIP PROJECTS\\TASK 3\\dbm\\vendor\\laravel\\framework\\src\\Illuminate\\Pipeline\\Pipeline.php(183): Illuminate\\Http\\Middleware\\HandleCors->handle(Object(Illuminate\\Http\\Request), Object(Closure))
#50 C:\\Users\\ACER\\Desktop\\INTERNSHIP PROJECTS\\TASK 3\\dbm\\vendor\\laravel\\framework\\src\\Illuminate\\Http\\Middleware\\TrustProxies.php(39): Illuminate\\Pipeline\\Pipeline->Illuminate\\Pipeline\\{closure}(Object(Illuminate\\Http\\Request))
#51 C:\\Users\\ACER\\Desktop\\INTERNSHIP PROJECTS\\TASK 3\\dbm\\vendor\\laravel\\framework\\src\\Illuminate\\Pipeline\\Pipeline.php(183): Illuminate\\Http\\Middleware\\TrustProxies->handle(Object(Illuminate\\Http\\Request), Object(Closure))
#52 C:\\Users\\ACER\\Desktop\\INTERNSHIP PROJECTS\\TASK 3\\dbm\\vendor\\laravel\\framework\\src\\Illuminate\\Pipeline\\Pipeline.php(119): Illuminate\\Pipeline\\Pipeline->Illuminate\\Pipeline\\{closure}(Object(Illuminate\\Http\\Request))
#53 C:\\Users\\ACER\\Desktop\\INTERNSHIP PROJECTS\\TASK 3\\dbm\\vendor\\laravel\\framework\\src\\Illuminate\\Foundation\\Http\\Kernel.php(175): Illuminate\\Pipeline\\Pipeline->then(Object(Closure))
#54 C:\\Users\\ACER\\Desktop\\INTERNSHIP PROJECTS\\TASK 3\\dbm\\vendor\\laravel\\framework\\src\\Illuminate\\Foundation\\Http\\Kernel.php(144): Illuminate\\Foundation\\Http\\Kernel->sendRequestThroughRouter(Object(Illuminate\\Http\\Request))
#55 C:\\Users\\ACER\\Desktop\\INTERNSHIP PROJECTS\\TASK 3\\dbm\\public\\index.php(51): Illuminate\\Foundation\\Http\\Kernel->handle(Object(Illuminate\\Http\\Request))
#56 C:\\Users\\ACER\\Desktop\\INTERNSHIP PROJECTS\\TASK 3\\dbm\\vendor\\laravel\\framework\\src\\Illuminate\\Foundation\\resources\\server.php(16): require_once('C:\\\\Users\\\\ACER\\\\D...')
#57 {main}
"} 
[2025-10-28 10:05:45] local.ERROR: Class "App\Imports\Str" not found {"exception":"[object] (Error(code: 0): Class \"App\\Imports\\Str\" not found at C:\\Users\\ACER\\Desktop\\INTERNSHIP PROJECTS\\TASK 3\\dbm\\app\\Imports\\BusinessImport.php:23)
[stacktrace]
#0 C:\\Users\\ACER\\Desktop\\INTERNSHIP PROJECTS\\TASK 3\\dbm\\vendor\\laravel\\framework\\src\\Illuminate\\Collections\\Arr.php(627): App\\Imports\\BusinessImport->App\\Imports\\{closure}(0, 'index')
#1 C:\\Users\\ACER\\Desktop\\INTERNSHIP PROJECTS\\TASK 3\\dbm\\vendor\\laravel\\framework\\src\\Illuminate\\Collections\\Collection.php(826): Illuminate\\Support\\Arr::mapWithKeys(Array, Object(Closure))
#2 C:\\Users\\ACER\\Desktop\\INTERNSHIP PROJECTS\\TASK 3\\dbm\\app\\Imports\\BusinessImport.php(22): Illuminate\\Support\\Collection->mapWithKeys(Object(Closure))
#3 C:\\Users\\ACER\\Desktop\\INTERNSHIP PROJECTS\\TASK 3\\dbm\\vendor\\maatwebsite\\excel\\src\\Imports\\ModelManager.php(91): App\\Imports\\BusinessImport->model(Array)
#4 C:\\Users\\ACER\\Desktop\\INTERNSHIP PROJECTS\\TASK 3\\dbm\\vendor\\maatwebsite\\excel\\src\\Imports\\ModelManager.php(101): Maatwebsite\\Excel\\Imports\\ModelManager->toModels(Object(App\\Imports\\BusinessImport), Array, 2)
#5 [internal function]: Maatwebsite\\Excel\\Imports\\ModelManager->Maatwebsite\\Excel\\Imports\\{closure}(Array, 2)
#6 C:\\Users\\ACER\\Desktop\\INTERNSHIP PROJECTS\\TASK 3\\dbm\\vendor\\laravel\\framework\\src\\Illuminate\\Collections\\Arr.php(600): array_map(Object(Closure), Array, Array)
#7 C:\\Users\\ACER\\Desktop\\INTERNSHIP PROJECTS\\TASK 3\\dbm\\vendor\\laravel\\framework\\src\\Illuminate\\Collections\\Collection.php(778): Illuminate\\Support\\Arr::map(Array, Object(Closure))
#8 C:\\Users\\ACER\\Desktop\\INTERNSHIP PROJECTS\\TASK 3\\dbm\\vendor\\laravel\\framework\\src\\Illuminate\\Collections\\Traits\\EnumeratesValues.php(404): Illuminate\\Support\\Collection->map(Object(Closure))
#9 C:\\Users\\ACER\\Desktop\\INTERNSHIP PROJECTS\\TASK 3\\dbm\\vendor\\maatwebsite\\excel\\src\\Imports\\ModelManager.php(100): Illuminate\\Support\\Collection->flatMap(Object(Closure))
#10 C:\\Users\\ACER\\Desktop\\INTERNSHIP PROJECTS\\TASK 3\\dbm\\vendor\\maatwebsite\\excel\\src\\Imports\\ModelManager.php(71): Maatwebsite\\Excel\\Imports\\ModelManager->massFlush(Object(App\\Imports\\BusinessImport))
#11 C:\\Users\\ACER\\Desktop\\INTERNSHIP PROJECTS\\TASK 3\\dbm\\vendor\\maatwebsite\\excel\\src\\Imports\\ModelImporter.php(114): Maatwebsite\\Excel\\Imports\\ModelManager->flush(Object(App\\Imports\\BusinessImport), true)
#12 C:\\Users\\ACER\\Desktop\\INTERNSHIP PROJECTS\\TASK 3\\dbm\\vendor\\maatwebsite\\excel\\src\\Imports\\ModelImporter.php(108): Maatwebsite\\Excel\\Imports\\ModelImporter->flush(Object(App\\Imports\\BusinessImport), 1000, 2)
#13 C:\\Users\\ACER\\Desktop\\INTERNSHIP PROJECTS\\TASK 3\\dbm\\vendor\\maatwebsite\\excel\\src\\Sheet.php(257): Maatwebsite\\Excel\\Imports\\ModelImporter->import(Object(PhpOffice\\PhpSpreadsheet\\Worksheet\\Worksheet), Object(App\\Imports\\BusinessImport), 2)
#14 C:\\Users\\ACER\\Desktop\\INTERNSHIP PROJECTS\\TASK 3\\dbm\\vendor\\maatwebsite\\excel\\src\\Jobs\\ReadChunk.php(211): Maatwebsite\\Excel\\Sheet->import(Object(App\\Imports\\BusinessImport), 2)
#15 C:\\Users\\ACER\\Desktop\\INTERNSHIP PROJECTS\\TASK 3\\dbm\\vendor\\laravel\\framework\\src\\Illuminate\\Database\\Concerns\\ManagesTransactions.php(30): Maatwebsite\\Excel\\Jobs\\ReadChunk->Maatwebsite\\Excel\\Jobs\\{closure}(Object(Illuminate\\Database\\MySqlConnection))
#16 C:\\Users\\ACER\\Desktop\\INTERNSHIP PROJECTS\\TASK 3\\dbm\\vendor\\maatwebsite\\excel\\src\\Transactions\\DbTransactionHandler.php(30): Illuminate\\Database\\Connection->transaction(Object(Closure))
#17 C:\\Users\\ACER\\Desktop\\INTERNSHIP PROJECTS\\TASK 3\\dbm\\vendor\\maatwebsite\\excel\\src\\Jobs\\ReadChunk.php(210): Maatwebsite\\Excel\\Transactions\\DbTransactionHandler->__invoke(Object(Closure))
#18 C:\\Users\\ACER\\Desktop\\INTERNSHIP PROJECTS\\TASK 3\\dbm\\vendor\\laravel\\framework\\src\\Illuminate\\Container\\BoundMethod.php(36): Maatwebsite\\Excel\\Jobs\\ReadChunk->handle(Object(Maatwebsite\\Excel\\Transactions\\DbTransactionHandler))
#19 C:\\Users\\ACER\\Desktop\\INTERNSHIP PROJECTS\\TASK 3\\dbm\\vendor\\laravel\\framework\\src\\Illuminate\\Container\\Util.php(41): Illuminate\\Container\\BoundMethod::Illuminate\\Container\\{closure}()
#20 C:\\Users\\ACER\\Desktop\\INTERNSHIP PROJECTS\\TASK 3\\dbm\\vendor\\laravel\\framework\\src\\Illuminate\\Container\\BoundMethod.php(93): Illuminate\\Container\\Util::unwrapIfClosure(Object(Closure))
#21 C:\\Users\\ACER\\Desktop\\INTERNSHIP PROJECTS\\TASK 3\\dbm\\vendor\\laravel\\framework\\src\\Illuminate\\Container\\BoundMethod.php(35): Illuminate\\Container\\BoundMethod::callBoundMethod(Object(Illuminate\\Foundation\\Application), Array, Object(Closure))
#22 C:\\Users\\ACER\\Desktop\\INTERNSHIP PROJECTS\\TASK 3\\dbm\\vendor\\laravel\\framework\\src\\Illuminate\\Container\\Container.php(662): Illuminate\\Container\\BoundMethod::call(Object(Illuminate\\Foundation\\Application), Array, Array, NULL)
#23 C:\\Users\\ACER\\Desktop\\INTERNSHIP PROJECTS\\TASK 3\\dbm\\vendor\\maatwebsite\\excel\\src\\ChunkReader.php(144): Illuminate\\Container\\Container->call(Array)
#24 C:\\Users\\ACER\\Desktop\\INTERNSHIP PROJECTS\\TASK 3\\dbm\\vendor\\maatwebsite\\excel\\src\\ChunkReader.php(107): Maatwebsite\\Excel\\ChunkReader->dispatchNow(Object(Maatwebsite\\Excel\\Jobs\\ReadChunk))
#25 C:\\Users\\ACER\\Desktop\\INTERNSHIP PROJECTS\\TASK 3\\dbm\\vendor\\laravel\\framework\\src\\Illuminate\\Collections\\Traits\\EnumeratesValues.php(240): Maatwebsite\\Excel\\ChunkReader->Maatwebsite\\Excel\\{closure}(Object(Maatwebsite\\Excel\\Jobs\\ReadChunk), 0)
#26 C:\\Users\\ACER\\Desktop\\INTERNSHIP PROJECTS\\TASK 3\\dbm\\vendor\\maatwebsite\\excel\\src\\ChunkReader.php(103): Illuminate\\Support\\Collection->each(Object(Closure))
#27 C:\\Users\\ACER\\Desktop\\INTERNSHIP PROJECTS\\TASK 3\\dbm\\vendor\\maatwebsite\\excel\\src\\Reader.php(105): Maatwebsite\\Excel\\ChunkReader->read(Object(App\\Imports\\BusinessImport), Object(Maatwebsite\\Excel\\Reader), Object(Maatwebsite\\Excel\\Files\\LocalTemporaryFile))
#28 C:\\Users\\ACER\\Desktop\\INTERNSHIP PROJECTS\\TASK 3\\dbm\\vendor\\maatwebsite\\excel\\src\\Excel.php(146): Maatwebsite\\Excel\\Reader->read(Object(App\\Imports\\BusinessImport), Object(Illuminate\\Http\\UploadedFile), 'Xlsx', NULL)
#29 C:\\Users\\ACER\\Desktop\\INTERNSHIP PROJECTS\\TASK 3\\dbm\\vendor\\laravel\\framework\\src\\Illuminate\\Support\\Facades\\Facade.php(355): Maatwebsite\\Excel\\Excel->import(Object(App\\Imports\\BusinessImport), Object(Illuminate\\Http\\UploadedFile))
#30 C:\\Users\\ACER\\Desktop\\INTERNSHIP PROJECTS\\TASK 3\\dbm\\app\\Http\\Controllers\\ImportController.php(33): Illuminate\\Support\\Facades\\Facade::__callStatic('import', Array)
#31 C:\\Users\\ACER\\Desktop\\INTERNSHIP PROJECTS\\TASK 3\\dbm\\vendor\\laravel\\framework\\src\\Illuminate\\Routing\\Controller.php(54): App\\Http\\Controllers\\ImportController->handleImport(Object(Illuminate\\Http\\Request))
#32 C:\\Users\\ACER\\Desktop\\INTERNSHIP PROJECTS\\TASK 3\\dbm\\vendor\\laravel\\framework\\src\\Illuminate\\Routing\\ControllerDispatcher.php(43): Illuminate\\Routing\\Controller->callAction('handleImport', Array)
#33 C:\\Users\\ACER\\Desktop\\INTERNSHIP PROJECTS\\TASK 3\\dbm\\vendor\\laravel\\framework\\src\\Illuminate\\Routing\\Route.php(259): Illuminate\\Routing\\ControllerDispatcher->dispatch(Object(Illuminate\\Routing\\Route), Object(App\\Http\\Controllers\\ImportController), 'handleImport')
#34 C:\\Users\\ACER\\Desktop\\INTERNSHIP PROJECTS\\TASK 3\\dbm\\vendor\\laravel\\framework\\src\\Illuminate\\Routing\\Route.php(205): Illuminate\\Routing\\Route->runController()
#35 C:\\Users\\ACER\\Desktop\\INTERNSHIP PROJECTS\\TASK 3\\dbm\\vendor\\laravel\\framework\\src\\Illuminate\\Routing\\Router.php(806): Illuminate\\Routing\\Route->run()
#36 C:\\Users\\ACER\\Desktop\\INTERNSHIP PROJECTS\\TASK 3\\dbm\\vendor\\laravel\\framework\\src\\Illuminate\\Pipeline\\Pipeline.php(144): Illuminate\\Routing\\Router->Illuminate\\Routing\\{closure}(Object(Illuminate\\Http\\Request))
#37 C:\\Users\\ACER\\Desktop\\INTERNSHIP PROJECTS\\TASK 3\\dbm\\vendor\\laravel\\framework\\src\\Illuminate\\Routing\\Middleware\\SubstituteBindings.php(50): Illuminate\\Pipeline\\Pipeline->Illuminate\\Pipeline\\{closure}(Object(Illuminate\\Http\\Request))
#38 C:\\Users\\ACER\\Desktop\\INTERNSHIP PROJECTS\\TASK 3\\dbm\\vendor\\laravel\\framework\\src\\Illuminate\\Pipeline\\Pipeline.php(183): Illuminate\\Routing\\Middleware\\SubstituteBindings->handle(Object(Illuminate\\Http\\Request), Object(Closure))
#39 C:\\Users\\ACER\\Desktop\\INTERNSHIP PROJECTS\\TASK 3\\dbm\\vendor\\laravel\\framework\\src\\Illuminate\\Foundation\\Http\\Middleware\\VerifyCsrfToken.php(78): Illuminate\\Pipeline\\Pipeline->Illuminate\\Pipeline\\{closure}(Object(Illuminate\\Http\\Request))
#40 C:\\Users\\ACER\\Desktop\\INTERNSHIP PROJECTS\\TASK 3\\dbm\\vendor\\laravel\\framework\\src\\Illuminate\\Pipeline\\Pipeline.php(183): Illuminate\\Foundation\\Http\\Middleware\\VerifyCsrfToken->handle(Object(Illuminate\\Http\\Request), Object(Closure))
#41 C:\\Users\\ACER\\Desktop\\INTERNSHIP PROJECTS\\TASK 3\\dbm\\vendor\\laravel\\framework\\src\\Illuminate\\View\\Middleware\\ShareErrorsFromSession.php(49): Illuminate\\Pipeline\\Pipeline->Illuminate\\Pipeline\\{closure}(Object(Illuminate\\Http\\Request))
#42 C:\\Users\\ACER\\Desktop\\INTERNSHIP PROJECTS\\TASK 3\\dbm\\vendor\\laravel\\framework\\src\\Illuminate\\Pipeline\\Pipeline.php(183): Illuminate\\View\\Middleware\\ShareErrorsFromSession->handle(Object(Illuminate\\Http\\Request), Object(Closure))
#43 C:\\Users\\ACER\\Desktop\\INTERNSHIP PROJECTS\\TASK 3\\dbm\\vendor\\laravel\\framework\\src\\Illuminate\\Session\\Middleware\\StartSession.php(121): Illuminate\\Pipeline\\Pipeline->Illuminate\\Pipeline\\{closure}(Object(Illuminate\\Http\\Request))
#44 C:\\Users\\ACER\\Desktop\\INTERNSHIP PROJECTS\\TASK 3\\dbm\\vendor\\laravel\\framework\\src\\Illuminate\\Session\\Middleware\\StartSession.php(64): Illuminate\\Session\\Middleware\\StartSession->handleStatefulRequest(Object(Illuminate\\Http\\Request), Object(Illuminate\\Session\\Store), Object(Closure))
#45 C:\\Users\\ACER\\Desktop\\INTERNSHIP PROJECTS\\TASK 3\\dbm\\vendor\\laravel\\framework\\src\\Illuminate\\Pipeline\\Pipeline.php(183): Illuminate\\Session\\Middleware\\StartSession->handle(Object(Illuminate\\Http\\Request), Object(Closure))
#46 C:\\Users\\ACER\\Desktop\\INTERNSHIP PROJECTS\\TASK 3\\dbm\\vendor\\laravel\\framework\\src\\Illuminate\\Cookie\\Middleware\\AddQueuedCookiesToResponse.php(37): Illuminate\\Pipeline\\Pipeline->Illuminate\\Pipeline\\{closure}(Object(Illuminate\\Http\\Request))
#47 C:\\Users\\ACER\\Desktop\\INTERNSHIP PROJECTS\\TASK 3\\dbm\\vendor\\laravel\\framework\\src\\Illuminate\\Pipeline\\Pipeline.php(183): Illuminate\\Cookie\\Middleware\\AddQueuedCookiesToResponse->handle(Object(Illuminate\\Http\\Request), Object(Closure))
#48 C:\\Users\\ACER\\Desktop\\INTERNSHIP PROJECTS\\TASK 3\\dbm\\vendor\\laravel\\framework\\src\\Illuminate\\Cookie\\Middleware\\EncryptCookies.php(67): Illuminate\\Pipeline\\Pipeline->Illuminate\\Pipeline\\{closure}(Object(Illuminate\\Http\\Request))
#49 C:\\Users\\ACER\\Desktop\\INTERNSHIP PROJECTS\\TASK 3\\dbm\\vendor\\laravel\\framework\\src\\Illuminate\\Pipeline\\Pipeline.php(183): Illuminate\\Cookie\\Middleware\\EncryptCookies->handle(Object(Illuminate\\Http\\Request), Object(Closure))
#50 C:\\Users\\ACER\\Desktop\\INTERNSHIP PROJECTS\\TASK 3\\dbm\\vendor\\laravel\\framework\\src\\Illuminate\\Pipeline\\Pipeline.php(119): Illuminate\\Pipeline\\Pipeline->Illuminate\\Pipeline\\{closure}(Object(Illuminate\\Http\\Request))
#51 C:\\Users\\ACER\\Desktop\\INTERNSHIP PROJECTS\\TASK 3\\dbm\\vendor\\laravel\\framework\\src\\Illuminate\\Routing\\Router.php(805): Illuminate\\Pipeline\\Pipeline->then(Object(Closure))
#52 C:\\Users\\ACER\\Desktop\\INTERNSHIP PROJECTS\\TASK 3\\dbm\\vendor\\laravel\\framework\\src\\Illuminate\\Routing\\Router.php(784): Illuminate\\Routing\\Router->runRouteWithinStack(Object(Illuminate\\Routing\\Route), Object(Illuminate\\Http\\Request))
#53 C:\\Users\\ACER\\Desktop\\INTERNSHIP PROJECTS\\TASK 3\\dbm\\vendor\\laravel\\framework\\src\\Illuminate\\Routing\\Router.php(748): Illuminate\\Routing\\Router->runRoute(Object(Illuminate\\Http\\Request), Object(Illuminate\\Routing\\Route))
#54 C:\\Users\\ACER\\Desktop\\INTERNSHIP PROJECTS\\TASK 3\\dbm\\vendor\\laravel\\framework\\src\\Illuminate\\Routing\\Router.php(737): Illuminate\\Routing\\Router->dispatchToRoute(Object(Illuminate\\Http\\Request))
#55 C:\\Users\\ACER\\Desktop\\INTERNSHIP PROJECTS\\TASK 3\\dbm\\vendor\\laravel\\framework\\src\\Illuminate\\Foundation\\Http\\Kernel.php(200): Illuminate\\Routing\\Router->dispatch(Object(Illuminate\\Http\\Request))
#56 C:\\Users\\ACER\\Desktop\\INTERNSHIP PROJECTS\\TASK 3\\dbm\\vendor\\laravel\\framework\\src\\Illuminate\\Pipeline\\Pipeline.php(144): Illuminate\\Foundation\\Http\\Kernel->Illuminate\\Foundation\\Http\\{closure}(Object(Illuminate\\Http\\Request))
#57 C:\\Users\\ACER\\Desktop\\INTERNSHIP PROJECTS\\TASK 3\\dbm\\vendor\\laravel\\framework\\src\\Illuminate\\Foundation\\Http\\Middleware\\TransformsRequest.php(21): Illuminate\\Pipeline\\Pipeline->Illuminate\\Pipeline\\{closure}(Object(Illuminate\\Http\\Request))
#58 C:\\Users\\ACER\\Desktop\\INTERNSHIP PROJECTS\\TASK 3\\dbm\\vendor\\laravel\\framework\\src\\Illuminate\\Foundation\\Http\\Middleware\\ConvertEmptyStringsToNull.php(31): Illuminate\\Foundation\\Http\\Middleware\\TransformsRequest->handle(Object(Illuminate\\Http\\Request), Object(Closure))
#59 C:\\Users\\ACER\\Desktop\\INTERNSHIP PROJECTS\\TASK 3\\dbm\\vendor\\laravel\\framework\\src\\Illuminate\\Pipeline\\Pipeline.php(183): Illuminate\\Foundation\\Http\\Middleware\\ConvertEmptyStringsToNull->handle(Object(Illuminate\\Http\\Request), Object(Closure))
#60 C:\\Users\\ACER\\Desktop\\INTERNSHIP PROJECTS\\TASK 3\\dbm\\vendor\\laravel\\framework\\src\\Illuminate\\Foundation\\Http\\Middleware\\TransformsRequest.php(21): Illuminate\\Pipeline\\Pipeline->Illuminate\\Pipeline\\{closure}(Object(Illuminate\\Http\\Request))
#61 C:\\Users\\ACER\\Desktop\\INTERNSHIP PROJECTS\\TASK 3\\dbm\\vendor\\laravel\\framework\\src\\Illuminate\\Foundation\\Http\\Middleware\\TrimStrings.php(40): Illuminate\\Foundation\\Http\\Middleware\\TransformsRequest->handle(Object(Illuminate\\Http\\Request), Object(Closure))
#62 C:\\Users\\ACER\\Desktop\\INTERNSHIP PROJECTS\\TASK 3\\dbm\\vendor\\laravel\\framework\\src\\Illuminate\\Pipeline\\Pipeline.php(183): Illuminate\\Foundation\\Http\\Middleware\\TrimStrings->handle(Object(Illuminate\\Http\\Request), Object(Closure))
#63 C:\\Users\\ACER\\Desktop\\INTERNSHIP PROJECTS\\TASK 3\\dbm\\vendor\\laravel\\framework\\src\\Illuminate\\Foundation\\Http\\Middleware\\ValidatePostSize.php(27): Illuminate\\Pipeline\\Pipeline->Illuminate\\Pipeline\\{closure}(Object(Illuminate\\Http\\Request))
#64 C:\\Users\\ACER\\Desktop\\INTERNSHIP PROJECTS\\TASK 3\\dbm\\vendor\\laravel\\framework\\src\\Illuminate\\Pipeline\\Pipeline.php(183): Illuminate\\Foundation\\Http\\Middleware\\ValidatePostSize->handle(Object(Illuminate\\Http\\Request), Object(Closure))
#65 C:\\Users\\ACER\\Desktop\\INTERNSHIP PROJECTS\\TASK 3\\dbm\\vendor\\laravel\\framework\\src\\Illuminate\\Foundation\\Http\\Middleware\\PreventRequestsDuringMaintenance.php(99): Illuminate\\Pipeline\\Pipeline->Illuminate\\Pipeline\\{closure}(Object(Illuminate\\Http\\Request))
#66 C:\\Users\\ACER\\Desktop\\INTERNSHIP PROJECTS\\TASK 3\\dbm\\vendor\\laravel\\framework\\src\\Illuminate\\Pipeline\\Pipeline.php(183): Illuminate\\Foundation\\Http\\Middleware\\PreventRequestsDuringMaintenance->handle(Object(Illuminate\\Http\\Request), Object(Closure))
#67 C:\\Users\\ACER\\Desktop\\INTERNSHIP PROJECTS\\TASK 3\\dbm\\vendor\\laravel\\framework\\src\\Illuminate\\Http\\Middleware\\HandleCors.php(49): Illuminate\\Pipeline\\Pipeline->Illuminate\\Pipeline\\{closure}(Object(Illuminate\\Http\\Request))
#68 C:\\Users\\ACER\\Desktop\\INTERNSHIP PROJECTS\\TASK 3\\dbm\\vendor\\laravel\\framework\\src\\Illuminate\\Pipeline\\Pipeline.php(183): Illuminate\\Http\\Middleware\\HandleCors->handle(Object(Illuminate\\Http\\Request), Object(Closure))
#69 C:\\Users\\ACER\\Desktop\\INTERNSHIP PROJECTS\\TASK 3\\dbm\\vendor\\laravel\\framework\\src\\Illuminate\\Http\\Middleware\\TrustProxies.php(39): Illuminate\\Pipeline\\Pipeline->Illuminate\\Pipeline\\{closure}(Object(Illuminate\\Http\\Request))
#70 C:\\Users\\ACER\\Desktop\\INTERNSHIP PROJECTS\\TASK 3\\dbm\\vendor\\laravel\\framework\\src\\Illuminate\\Pipeline\\Pipeline.php(183): Illuminate\\Http\\Middleware\\TrustProxies->handle(Object(Illuminate\\Http\\Request), Object(Closure))
#71 C:\\Users\\ACER\\Desktop\\INTERNSHIP PROJECTS\\TASK 3\\dbm\\vendor\\laravel\\framework\\src\\Illuminate\\Pipeline\\Pipeline.php(119): Illuminate\\Pipeline\\Pipeline->Illuminate\\Pipeline\\{closure}(Object(Illuminate\\Http\\Request))
#72 C:\\Users\\ACER\\Desktop\\INTERNSHIP PROJECTS\\TASK 3\\dbm\\vendor\\laravel\\framework\\src\\Illuminate\\Foundation\\Http\\Kernel.php(175): Illuminate\\Pipeline\\Pipeline->then(Object(Closure))
#73 C:\\Users\\ACER\\Desktop\\INTERNSHIP PROJECTS\\TASK 3\\dbm\\vendor\\laravel\\framework\\src\\Illuminate\\Foundation\\Http\\Kernel.php(144): Illuminate\\Foundation\\Http\\Kernel->sendRequestThroughRouter(Object(Illuminate\\Http\\Request))
#74 C:\\Users\\ACER\\Desktop\\INTERNSHIP PROJECTS\\TASK 3\\dbm\\public\\index.php(51): Illuminate\\Foundation\\Http\\Kernel->handle(Object(Illuminate\\Http\\Request))
#75 C:\\Users\\ACER\\Desktop\\INTERNSHIP PROJECTS\\TASK 3\\dbm\\vendor\\laravel\\framework\\src\\Illuminate\\Foundation\\resources\\server.php(16): require_once('C:\\\\Users\\\\ACER\\\\D...')
#76 {main}
"} 
[2025-10-28 10:09:52] local.ERROR: SQLSTATE[42S22]: Column not found: 1054 Unknown column 'name' in 'field list' (Connection: mysql, SQL: select `name`, `area`, `city`, COUNT(*) as count from `businesses` where `name` is not null and `area` is not null and `city` is not null group by `name`, `area`, `city` having `count` > 1) {"exception":"[object] (Illuminate\\Database\\QueryException(code: 42S22): SQLSTATE[42S22]: Column not found: 1054 Unknown column 'name' in 'field list' (Connection: mysql, SQL: select `name`, `area`, `city`, COUNT(*) as count from `businesses` where `name` is not null and `area` is not null and `city` is not null group by `name`, `area`, `city` having `count` > 1) at C:\\Users\\ACER\\Desktop\\INTERNSHIP PROJECTS\\TASK 3\\dbm\\vendor\\laravel\\framework\\src\\Illuminate\\Database\\Connection.php:829)
[stacktrace]
#0 C:\\Users\\ACER\\Desktop\\INTERNSHIP PROJECTS\\TASK 3\\dbm\\vendor\\laravel\\framework\\src\\Illuminate\\Database\\Connection.php(783): Illuminate\\Database\\Connection->runQueryCallback('select `name`, ...', Array, Object(Closure))
#1 C:\\Users\\ACER\\Desktop\\INTERNSHIP PROJECTS\\TASK 3\\dbm\\vendor\\laravel\\framework\\src\\Illuminate\\Database\\Connection.php(414): Illuminate\\Database\\Connection->run('select `name`, ...', Array, Object(Closure))
#2 C:\\Users\\ACER\\Desktop\\INTERNSHIP PROJECTS\\TASK 3\\dbm\\vendor\\laravel\\framework\\src\\Illuminate\\Database\\Query\\Builder.php(2913): Illuminate\\Database\\Connection->select('select `name`, ...', Array, true)
#3 C:\\Users\\ACER\\Desktop\\INTERNSHIP PROJECTS\\TASK 3\\dbm\\vendor\\laravel\\framework\\src\\Illuminate\\Database\\Query\\Builder.php(2902): Illuminate\\Database\\Query\\Builder->runSelect()
#4 C:\\Users\\ACER\\Desktop\\INTERNSHIP PROJECTS\\TASK 3\\dbm\\vendor\\laravel\\framework\\src\\Illuminate\\Database\\Query\\Builder.php(3456): Illuminate\\Database\\Query\\Builder->Illuminate\\Database\\Query\\{closure}()
#5 C:\\Users\\ACER\\Desktop\\INTERNSHIP PROJECTS\\TASK 3\\dbm\\vendor\\laravel\\framework\\src\\Illuminate\\Database\\Query\\Builder.php(2901): Illuminate\\Database\\Query\\Builder->onceWithColumns(Array, Object(Closure))
#6 C:\\Users\\ACER\\Desktop\\INTERNSHIP PROJECTS\\TASK 3\\dbm\\app\\Console\\Commands\\FindDuplicatesCommand.php(32): Illuminate\\Database\\Query\\Builder->get()
#7 C:\\Users\\ACER\\Desktop\\INTERNSHIP PROJECTS\\TASK 3\\dbm\\vendor\\laravel\\framework\\src\\Illuminate\\Container\\BoundMethod.php(36): App\\Console\\Commands\\FindDuplicatesCommand->handle()
#8 C:\\Users\\ACER\\Desktop\\INTERNSHIP PROJECTS\\TASK 3\\dbm\\vendor\\laravel\\framework\\src\\Illuminate\\Container\\Util.php(41): Illuminate\\Container\\BoundMethod::Illuminate\\Container\\{closure}()
#9 C:\\Users\\ACER\\Desktop\\INTERNSHIP PROJECTS\\TASK 3\\dbm\\vendor\\laravel\\framework\\src\\Illuminate\\Container\\BoundMethod.php(93): Illuminate\\Container\\Util::unwrapIfClosure(Object(Closure))
#10 C:\\Users\\ACER\\Desktop\\INTERNSHIP PROJECTS\\TASK 3\\dbm\\vendor\\laravel\\framework\\src\\Illuminate\\Container\\BoundMethod.php(35): Illuminate\\Container\\BoundMethod::callBoundMethod(Object(Illuminate\\Foundation\\Application), Array, Object(Closure))
#11 C:\\Users\\ACER\\Desktop\\INTERNSHIP PROJECTS\\TASK 3\\dbm\\vendor\\laravel\\framework\\src\\Illuminate\\Container\\Container.php(662): Illuminate\\Container\\BoundMethod::call(Object(Illuminate\\Foundation\\Application), Array, Array, NULL)
#12 C:\\Users\\ACER\\Desktop\\INTERNSHIP PROJECTS\\TASK 3\\dbm\\vendor\\laravel\\framework\\src\\Illuminate\\Console\\Command.php(211): Illuminate\\Container\\Container->call(Array)
#13 C:\\Users\\ACER\\Desktop\\INTERNSHIP PROJECTS\\TASK 3\\dbm\\vendor\\symfony\\console\\Command\\Command.php(326): Illuminate\\Console\\Command->execute(Object(Symfony\\Component\\Console\\Input\\ArgvInput), Object(Illuminate\\Console\\OutputStyle))
#14 C:\\Users\\ACER\\Desktop\\INTERNSHIP PROJECTS\\TASK 3\\dbm\\vendor\\laravel\\framework\\src\\Illuminate\\Console\\Command.php(180): Symfony\\Component\\Console\\Command\\Command->run(Object(Symfony\\Component\\Console\\Input\\ArgvInput), Object(Illuminate\\Console\\OutputStyle))
#15 C:\\Users\\ACER\\Desktop\\INTERNSHIP PROJECTS\\TASK 3\\dbm\\vendor\\symfony\\console\\Application.php(1096): Illuminate\\Console\\Command->run(Object(Symfony\\Component\\Console\\Input\\ArgvInput), Object(Symfony\\Component\\Console\\Output\\ConsoleOutput))
#16 C:\\Users\\ACER\\Desktop\\INTERNSHIP PROJECTS\\TASK 3\\dbm\\vendor\\symfony\\console\\Application.php(324): Symfony\\Component\\Console\\Application->doRunCommand(Object(App\\Console\\Commands\\FindDuplicatesCommand), Object(Symfony\\Component\\Console\\Input\\ArgvInput), Object(Symfony\\Component\\Console\\Output\\ConsoleOutput))
#17 C:\\Users\\ACER\\Desktop\\INTERNSHIP PROJECTS\\TASK 3\\dbm\\vendor\\symfony\\console\\Application.php(175): Symfony\\Component\\Console\\Application->doRun(Object(Symfony\\Component\\Console\\Input\\ArgvInput), Object(Symfony\\Component\\Console\\Output\\ConsoleOutput))
#18 C:\\Users\\ACER\\Desktop\\INTERNSHIP PROJECTS\\TASK 3\\dbm\\vendor\\laravel\\framework\\src\\Illuminate\\Foundation\\Console\\Kernel.php(201): Symfony\\Component\\Console\\Application->run(Object(Symfony\\Component\\Console\\Input\\ArgvInput), Object(Symfony\\Component\\Console\\Output\\ConsoleOutput))
#19 C:\\Users\\ACER\\Desktop\\INTERNSHIP PROJECTS\\TASK 3\\dbm\\artisan(35): Illuminate\\Foundation\\Console\\Kernel->handle(Object(Symfony\\Component\\Console\\Input\\ArgvInput), Object(Symfony\\Component\\Console\\Output\\ConsoleOutput))
#20 {main}

[previous exception] [object] (PDOException(code: 42S22): SQLSTATE[42S22]: Column not found: 1054 Unknown column 'name' in 'field list' at C:\\Users\\ACER\\Desktop\\INTERNSHIP PROJECTS\\TASK 3\\dbm\\vendor\\laravel\\framework\\src\\Illuminate\\Database\\Connection.php:423)
[stacktrace]
#0 C:\\Users\\ACER\\Desktop\\INTERNSHIP PROJECTS\\TASK 3\\dbm\\vendor\\laravel\\framework\\src\\Illuminate\\Database\\Connection.php(423): PDO->prepare('select `name`, ...')
#1 C:\\Users\\ACER\\Desktop\\INTERNSHIP PROJECTS\\TASK 3\\dbm\\vendor\\laravel\\framework\\src\\Illuminate\\Database\\Connection.php(816): Illuminate\\Database\\Connection->Illuminate\\Database\\{closure}('select `name`, ...', Array)
#2 C:\\Users\\ACER\\Desktop\\INTERNSHIP PROJECTS\\TASK 3\\dbm\\vendor\\laravel\\framework\\src\\Illuminate\\Database\\Connection.php(783): Illuminate\\Database\\Connection->runQueryCallback('select `name`, ...', Array, Object(Closure))
#3 C:\\Users\\ACER\\Desktop\\INTERNSHIP PROJECTS\\TASK 3\\dbm\\vendor\\laravel\\framework\\src\\Illuminate\\Database\\Connection.php(414): Illuminate\\Database\\Connection->run('select `name`, ...', Array, Object(Closure))
#4 C:\\Users\\ACER\\Desktop\\INTERNSHIP PROJECTS\\TASK 3\\dbm\\vendor\\laravel\\framework\\src\\Illuminate\\Database\\Query\\Builder.php(2913): Illuminate\\Database\\Connection->select('select `name`, ...', Array, true)
#5 C:\\Users\\ACER\\Desktop\\INTERNSHIP PROJECTS\\TASK 3\\dbm\\vendor\\laravel\\framework\\src\\Illuminate\\Database\\Query\\Builder.php(2902): Illuminate\\Database\\Query\\Builder->runSelect()
#6 C:\\Users\\ACER\\Desktop\\INTERNSHIP PROJECTS\\TASK 3\\dbm\\vendor\\laravel\\framework\\src\\Illuminate\\Database\\Query\\Builder.php(3456): Illuminate\\Database\\Query\\Builder->Illuminate\\Database\\Query\\{closure}()
#7 C:\\Users\\ACER\\Desktop\\INTERNSHIP PROJECTS\\TASK 3\\dbm\\vendor\\laravel\\framework\\src\\Illuminate\\Database\\Query\\Builder.php(2901): Illuminate\\Database\\Query\\Builder->onceWithColumns(Array, Object(Closure))
#8 C:\\Users\\ACER\\Desktop\\INTERNSHIP PROJECTS\\TASK 3\\dbm\\app\\Console\\Commands\\FindDuplicatesCommand.php(32): Illuminate\\Database\\Query\\Builder->get()
#9 C:\\Users\\ACER\\Desktop\\INTERNSHIP PROJECTS\\TASK 3\\dbm\\vendor\\laravel\\framework\\src\\Illuminate\\Container\\BoundMethod.php(36): App\\Console\\Commands\\FindDuplicatesCommand->handle()
#10 C:\\Users\\ACER\\Desktop\\INTERNSHIP PROJECTS\\TASK 3\\dbm\\vendor\\laravel\\framework\\src\\Illuminate\\Container\\Util.php(41): Illuminate\\Container\\BoundMethod::Illuminate\\Container\\{closure}()
#11 C:\\Users\\ACER\\Desktop\\INTERNSHIP PROJECTS\\TASK 3\\dbm\\vendor\\laravel\\framework\\src\\Illuminate\\Container\\BoundMethod.php(93): Illuminate\\Container\\Util::unwrapIfClosure(Object(Closure))
#12 C:\\Users\\ACER\\Desktop\\INTERNSHIP PROJECTS\\TASK 3\\dbm\\vendor\\laravel\\framework\\src\\Illuminate\\Container\\BoundMethod.php(35): Illuminate\\Container\\BoundMethod::callBoundMethod(Object(Illuminate\\Foundation\\Application), Array, Object(Closure))
#13 C:\\Users\\ACER\\Desktop\\INTERNSHIP PROJECTS\\TASK 3\\dbm\\vendor\\laravel\\framework\\src\\Illuminate\\Container\\Container.php(662): Illuminate\\Container\\BoundMethod::call(Object(Illuminate\\Foundation\\Application), Array, Array, NULL)
#14 C:\\Users\\ACER\\Desktop\\INTERNSHIP PROJECTS\\TASK 3\\dbm\\vendor\\laravel\\framework\\src\\Illuminate\\Console\\Command.php(211): Illuminate\\Container\\Container->call(Array)
#15 C:\\Users\\ACER\\Desktop\\INTERNSHIP PROJECTS\\TASK 3\\dbm\\vendor\\symfony\\console\\Command\\Command.php(326): Illuminate\\Console\\Command->execute(Object(Symfony\\Component\\Console\\Input\\ArgvInput), Object(Illuminate\\Console\\OutputStyle))
#16 C:\\Users\\ACER\\Desktop\\INTERNSHIP PROJECTS\\TASK 3\\dbm\\vendor\\laravel\\framework\\src\\Illuminate\\Console\\Command.php(180): Symfony\\Component\\Console\\Command\\Command->run(Object(Symfony\\Component\\Console\\Input\\ArgvInput), Object(Illuminate\\Console\\OutputStyle))
#17 C:\\Users\\ACER\\Desktop\\INTERNSHIP PROJECTS\\TASK 3\\dbm\\vendor\\symfony\\console\\Application.php(1096): Illuminate\\Console\\Command->run(Object(Symfony\\Component\\Console\\Input\\ArgvInput), Object(Symfony\\Component\\Console\\Output\\ConsoleOutput))
#18 C:\\Users\\ACER\\Desktop\\INTERNSHIP PROJECTS\\TASK 3\\dbm\\vendor\\symfony\\console\\Application.php(324): Symfony\\Component\\Console\\Application->doRunCommand(Object(App\\Console\\Commands\\FindDuplicatesCommand), Object(Symfony\\Component\\Console\\Input\\ArgvInput), Object(Symfony\\Component\\Console\\Output\\ConsoleOutput))
#19 C:\\Users\\ACER\\Desktop\\INTERNSHIP PROJECTS\\TASK 3\\dbm\\vendor\\symfony\\console\\Application.php(175): Symfony\\Component\\Console\\Application->doRun(Object(Symfony\\Component\\Console\\Input\\ArgvInput), Object(Symfony\\Component\\Console\\Output\\ConsoleOutput))
#20 C:\\Users\\ACER\\Desktop\\INTERNSHIP PROJECTS\\TASK 3\\dbm\\vendor\\laravel\\framework\\src\\Illuminate\\Foundation\\Console\\Kernel.php(201): Symfony\\Component\\Console\\Application->run(Object(Symfony\\Component\\Console\\Input\\ArgvInput), Object(Symfony\\Component\\Console\\Output\\ConsoleOutput))
#21 C:\\Users\\ACER\\Desktop\\INTERNSHIP PROJECTS\\TASK 3\\dbm\\artisan(35): Illuminate\\Foundation\\Console\\Kernel->handle(Object(Symfony\\Component\\Console\\Input\\ArgvInput), Object(Symfony\\Component\\Console\\Output\\ConsoleOutput))
#22 {main}
"} 
[2025-10-28 10:11:03] local.ERROR: SQLSTATE[42S22]: Column not found: 1054 Unknown column 'name' in 'field list' (Connection: mysql, SQL: select `name`, `area`, `city`, COUNT(*) as count from `businesses` where `name` is not null and `area` is not null and `city` is not null group by `name`, `area`, `city` having `count` > 1) {"exception":"[object] (Illuminate\\Database\\QueryException(code: 42S22): SQLSTATE[42S22]: Column not found: 1054 Unknown column 'name' in 'field list' (Connection: mysql, SQL: select `name`, `area`, `city`, COUNT(*) as count from `businesses` where `name` is not null and `area` is not null and `city` is not null group by `name`, `area`, `city` having `count` > 1) at C:\\Users\\ACER\\Desktop\\INTERNSHIP PROJECTS\\TASK 3\\dbm\\vendor\\laravel\\framework\\src\\Illuminate\\Database\\Connection.php:829)
[stacktrace]
#0 C:\\Users\\ACER\\Desktop\\INTERNSHIP PROJECTS\\TASK 3\\dbm\\vendor\\laravel\\framework\\src\\Illuminate\\Database\\Connection.php(783): Illuminate\\Database\\Connection->runQueryCallback('select `name`, ...', Array, Object(Closure))
#1 C:\\Users\\ACER\\Desktop\\INTERNSHIP PROJECTS\\TASK 3\\dbm\\vendor\\laravel\\framework\\src\\Illuminate\\Database\\Connection.php(414): Illuminate\\Database\\Connection->run('select `name`, ...', Array, Object(Closure))
#2 C:\\Users\\ACER\\Desktop\\INTERNSHIP PROJECTS\\TASK 3\\dbm\\vendor\\laravel\\framework\\src\\Illuminate\\Database\\Query\\Builder.php(2913): Illuminate\\Database\\Connection->select('select `name`, ...', Array, true)
#3 C:\\Users\\ACER\\Desktop\\INTERNSHIP PROJECTS\\TASK 3\\dbm\\vendor\\laravel\\framework\\src\\Illuminate\\Database\\Query\\Builder.php(2902): Illuminate\\Database\\Query\\Builder->runSelect()
#4 C:\\Users\\ACER\\Desktop\\INTERNSHIP PROJECTS\\TASK 3\\dbm\\vendor\\laravel\\framework\\src\\Illuminate\\Database\\Query\\Builder.php(3456): Illuminate\\Database\\Query\\Builder->Illuminate\\Database\\Query\\{closure}()
#5 C:\\Users\\ACER\\Desktop\\INTERNSHIP PROJECTS\\TASK 3\\dbm\\vendor\\laravel\\framework\\src\\Illuminate\\Database\\Query\\Builder.php(2901): Illuminate\\Database\\Query\\Builder->onceWithColumns(Array, Object(Closure))
#6 C:\\Users\\ACER\\Desktop\\INTERNSHIP PROJECTS\\TASK 3\\dbm\\app\\Console\\Commands\\FindDuplicatesCommand.php(32): Illuminate\\Database\\Query\\Builder->get()
#7 C:\\Users\\ACER\\Desktop\\INTERNSHIP PROJECTS\\TASK 3\\dbm\\vendor\\laravel\\framework\\src\\Illuminate\\Container\\BoundMethod.php(36): App\\Console\\Commands\\FindDuplicatesCommand->handle()
#8 C:\\Users\\ACER\\Desktop\\INTERNSHIP PROJECTS\\TASK 3\\dbm\\vendor\\laravel\\framework\\src\\Illuminate\\Container\\Util.php(41): Illuminate\\Container\\BoundMethod::Illuminate\\Container\\{closure}()
#9 C:\\Users\\ACER\\Desktop\\INTERNSHIP PROJECTS\\TASK 3\\dbm\\vendor\\laravel\\framework\\src\\Illuminate\\Container\\BoundMethod.php(93): Illuminate\\Container\\Util::unwrapIfClosure(Object(Closure))
#10 C:\\Users\\ACER\\Desktop\\INTERNSHIP PROJECTS\\TASK 3\\dbm\\vendor\\laravel\\framework\\src\\Illuminate\\Container\\BoundMethod.php(35): Illuminate\\Container\\BoundMethod::callBoundMethod(Object(Illuminate\\Foundation\\Application), Array, Object(Closure))
#11 C:\\Users\\ACER\\Desktop\\INTERNSHIP PROJECTS\\TASK 3\\dbm\\vendor\\laravel\\framework\\src\\Illuminate\\Container\\Container.php(662): Illuminate\\Container\\BoundMethod::call(Object(Illuminate\\Foundation\\Application), Array, Array, NULL)
#12 C:\\Users\\ACER\\Desktop\\INTERNSHIP PROJECTS\\TASK 3\\dbm\\vendor\\laravel\\framework\\src\\Illuminate\\Console\\Command.php(211): Illuminate\\Container\\Container->call(Array)
#13 C:\\Users\\ACER\\Desktop\\INTERNSHIP PROJECTS\\TASK 3\\dbm\\vendor\\symfony\\console\\Command\\Command.php(326): Illuminate\\Console\\Command->execute(Object(Symfony\\Component\\Console\\Input\\ArgvInput), Object(Illuminate\\Console\\OutputStyle))
#14 C:\\Users\\ACER\\Desktop\\INTERNSHIP PROJECTS\\TASK 3\\dbm\\vendor\\laravel\\framework\\src\\Illuminate\\Console\\Command.php(180): Symfony\\Component\\Console\\Command\\Command->run(Object(Symfony\\Component\\Console\\Input\\ArgvInput), Object(Illuminate\\Console\\OutputStyle))
#15 C:\\Users\\ACER\\Desktop\\INTERNSHIP PROJECTS\\TASK 3\\dbm\\vendor\\symfony\\console\\Application.php(1096): Illuminate\\Console\\Command->run(Object(Symfony\\Component\\Console\\Input\\ArgvInput), Object(Symfony\\Component\\Console\\Output\\ConsoleOutput))
#16 C:\\Users\\ACER\\Desktop\\INTERNSHIP PROJECTS\\TASK 3\\dbm\\vendor\\symfony\\console\\Application.php(324): Symfony\\Component\\Console\\Application->doRunCommand(Object(App\\Console\\Commands\\FindDuplicatesCommand), Object(Symfony\\Component\\Console\\Input\\ArgvInput), Object(Symfony\\Component\\Console\\Output\\ConsoleOutput))
#17 C:\\Users\\ACER\\Desktop\\INTERNSHIP PROJECTS\\TASK 3\\dbm\\vendor\\symfony\\console\\Application.php(175): Symfony\\Component\\Console\\Application->doRun(Object(Symfony\\Component\\Console\\Input\\ArgvInput), Object(Symfony\\Component\\Console\\Output\\ConsoleOutput))
#18 C:\\Users\\ACER\\Desktop\\INTERNSHIP PROJECTS\\TASK 3\\dbm\\vendor\\laravel\\framework\\src\\Illuminate\\Foundation\\Console\\Kernel.php(201): Symfony\\Component\\Console\\Application->run(Object(Symfony\\Component\\Console\\Input\\ArgvInput), Object(Symfony\\Component\\Console\\Output\\ConsoleOutput))
#19 C:\\Users\\ACER\\Desktop\\INTERNSHIP PROJECTS\\TASK 3\\dbm\\artisan(35): Illuminate\\Foundation\\Console\\Kernel->handle(Object(Symfony\\Component\\Console\\Input\\ArgvInput), Object(Symfony\\Component\\Console\\Output\\ConsoleOutput))
#20 {main}

[previous exception] [object] (PDOException(code: 42S22): SQLSTATE[42S22]: Column not found: 1054 Unknown column 'name' in 'field list' at C:\\Users\\ACER\\Desktop\\INTERNSHIP PROJECTS\\TASK 3\\dbm\\vendor\\laravel\\framework\\src\\Illuminate\\Database\\Connection.php:423)
[stacktrace]
#0 C:\\Users\\ACER\\Desktop\\INTERNSHIP PROJECTS\\TASK 3\\dbm\\vendor\\laravel\\framework\\src\\Illuminate\\Database\\Connection.php(423): PDO->prepare('select `name`, ...')
#1 C:\\Users\\ACER\\Desktop\\INTERNSHIP PROJECTS\\TASK 3\\dbm\\vendor\\laravel\\framework\\src\\Illuminate\\Database\\Connection.php(816): Illuminate\\Database\\Connection->Illuminate\\Database\\{closure}('select `name`, ...', Array)
#2 C:\\Users\\ACER\\Desktop\\INTERNSHIP PROJECTS\\TASK 3\\dbm\\vendor\\laravel\\framework\\src\\Illuminate\\Database\\Connection.php(783): Illuminate\\Database\\Connection->runQueryCallback('select `name`, ...', Array, Object(Closure))
#3 C:\\Users\\ACER\\Desktop\\INTERNSHIP PROJECTS\\TASK 3\\dbm\\vendor\\laravel\\framework\\src\\Illuminate\\Database\\Connection.php(414): Illuminate\\Database\\Connection->run('select `name`, ...', Array, Object(Closure))
#4 C:\\Users\\ACER\\Desktop\\INTERNSHIP PROJECTS\\TASK 3\\dbm\\vendor\\laravel\\framework\\src\\Illuminate\\Database\\Query\\Builder.php(2913): Illuminate\\Database\\Connection->select('select `name`, ...', Array, true)
#5 C:\\Users\\ACER\\Desktop\\INTERNSHIP PROJECTS\\TASK 3\\dbm\\vendor\\laravel\\framework\\src\\Illuminate\\Database\\Query\\Builder.php(2902): Illuminate\\Database\\Query\\Builder->runSelect()
#6 C:\\Users\\ACER\\Desktop\\INTERNSHIP PROJECTS\\TASK 3\\dbm\\vendor\\laravel\\framework\\src\\Illuminate\\Database\\Query\\Builder.php(3456): Illuminate\\Database\\Query\\Builder->Illuminate\\Database\\Query\\{closure}()
#7 C:\\Users\\ACER\\Desktop\\INTERNSHIP PROJECTS\\TASK 3\\dbm\\vendor\\laravel\\framework\\src\\Illuminate\\Database\\Query\\Builder.php(2901): Illuminate\\Database\\Query\\Builder->onceWithColumns(Array, Object(Closure))
#8 C:\\Users\\ACER\\Desktop\\INTERNSHIP PROJECTS\\TASK 3\\dbm\\app\\Console\\Commands\\FindDuplicatesCommand.php(32): Illuminate\\Database\\Query\\Builder->get()
#9 C:\\Users\\ACER\\Desktop\\INTERNSHIP PROJECTS\\TASK 3\\dbm\\vendor\\laravel\\framework\\src\\Illuminate\\Container\\BoundMethod.php(36): App\\Console\\Commands\\FindDuplicatesCommand->handle()
#10 C:\\Users\\ACER\\Desktop\\INTERNSHIP PROJECTS\\TASK 3\\dbm\\vendor\\laravel\\framework\\src\\Illuminate\\Container\\Util.php(41): Illuminate\\Container\\BoundMethod::Illuminate\\Container\\{closure}()
#11 C:\\Users\\ACER\\Desktop\\INTERNSHIP PROJECTS\\TASK 3\\dbm\\vendor\\laravel\\framework\\src\\Illuminate\\Container\\BoundMethod.php(93): Illuminate\\Container\\Util::unwrapIfClosure(Object(Closure))
#12 C:\\Users\\ACER\\Desktop\\INTERNSHIP PROJECTS\\TASK 3\\dbm\\vendor\\laravel\\framework\\src\\Illuminate\\Container\\BoundMethod.php(35): Illuminate\\Container\\BoundMethod::callBoundMethod(Object(Illuminate\\Foundation\\Application), Array, Object(Closure))
#13 C:\\Users\\ACER\\Desktop\\INTERNSHIP PROJECTS\\TASK 3\\dbm\\vendor\\laravel\\framework\\src\\Illuminate\\Container\\Container.php(662): Illuminate\\Container\\BoundMethod::call(Object(Illuminate\\Foundation\\Application), Array, Array, NULL)
#14 C:\\Users\\ACER\\Desktop\\INTERNSHIP PROJECTS\\TASK 3\\dbm\\vendor\\laravel\\framework\\src\\Illuminate\\Console\\Command.php(211): Illuminate\\Container\\Container->call(Array)
#15 C:\\Users\\ACER\\Desktop\\INTERNSHIP PROJECTS\\TASK 3\\dbm\\vendor\\symfony\\console\\Command\\Command.php(326): Illuminate\\Console\\Command->execute(Object(Symfony\\Component\\Console\\Input\\ArgvInput), Object(Illuminate\\Console\\OutputStyle))
#16 C:\\Users\\ACER\\Desktop\\INTERNSHIP PROJECTS\\TASK 3\\dbm\\vendor\\laravel\\framework\\src\\Illuminate\\Console\\Command.php(180): Symfony\\Component\\Console\\Command\\Command->run(Object(Symfony\\Component\\Console\\Input\\ArgvInput), Object(Illuminate\\Console\\OutputStyle))
#17 C:\\Users\\ACER\\Desktop\\INTERNSHIP PROJECTS\\TASK 3\\dbm\\vendor\\symfony\\console\\Application.php(1096): Illuminate\\Console\\Command->run(Object(Symfony\\Component\\Console\\Input\\ArgvInput), Object(Symfony\\Component\\Console\\Output\\ConsoleOutput))
#18 C:\\Users\\ACER\\Desktop\\INTERNSHIP PROJECTS\\TASK 3\\dbm\\vendor\\symfony\\console\\Application.php(324): Symfony\\Component\\Console\\Application->doRunCommand(Object(App\\Console\\Commands\\FindDuplicatesCommand), Object(Symfony\\Component\\Console\\Input\\ArgvInput), Object(Symfony\\Component\\Console\\Output\\ConsoleOutput))
#19 C:\\Users\\ACER\\Desktop\\INTERNSHIP PROJECTS\\TASK 3\\dbm\\vendor\\symfony\\console\\Application.php(175): Symfony\\Component\\Console\\Application->doRun(Object(Symfony\\Component\\Console\\Input\\ArgvInput), Object(Symfony\\Component\\Console\\Output\\ConsoleOutput))
#20 C:\\Users\\ACER\\Desktop\\INTERNSHIP PROJECTS\\TASK 3\\dbm\\vendor\\laravel\\framework\\src\\Illuminate\\Foundation\\Console\\Kernel.php(201): Symfony\\Component\\Console\\Application->run(Object(Symfony\\Component\\Console\\Input\\ArgvInput), Object(Symfony\\Component\\Console\\Output\\ConsoleOutput))
#21 C:\\Users\\ACER\\Desktop\\INTERNSHIP PROJECTS\\TASK 3\\dbm\\artisan(35): Illuminate\\Foundation\\Console\\Kernel->handle(Object(Symfony\\Component\\Console\\Input\\ArgvInput), Object(Symfony\\Component\\Console\\Output\\ConsoleOutput))
#22 {main}
"} 
[2025-10-28 10:12:52] local.ERROR: Undefined property: stdClass::$name {"exception":"[object] (ErrorException(code: 0): Undefined property: stdClass::$name at C:\\Users\\ACER\\Desktop\\INTERNSHIP PROJECTS\\TASK 3\\dbm\\app\\Console\\Commands\\FindDuplicatesCommand.php:45)
[stacktrace]
#0 C:\\Users\\ACER\\Desktop\\INTERNSHIP PROJECTS\\TASK 3\\dbm\\vendor\\laravel\\framework\\src\\Illuminate\\Foundation\\Bootstrap\\HandleExceptions.php(255): Illuminate\\Foundation\\Bootstrap\\HandleExceptions->handleError(2, 'Undefined prope...', 'C:\\\\Users\\\\ACER\\\\D...', 45)
#1 C:\\Users\\ACER\\Desktop\\INTERNSHIP PROJECTS\\TASK 3\\dbm\\app\\Console\\Commands\\FindDuplicatesCommand.php(45): Illuminate\\Foundation\\Bootstrap\\HandleExceptions->Illuminate\\Foundation\\Bootstrap\\{closure}(2, 'Undefined prope...', 'C:\\\\Users\\\\ACER\\\\D...', 45)
#2 C:\\Users\\ACER\\Desktop\\INTERNSHIP PROJECTS\\TASK 3\\dbm\\vendor\\laravel\\framework\\src\\Illuminate\\Container\\BoundMethod.php(36): App\\Console\\Commands\\FindDuplicatesCommand->handle()
#3 C:\\Users\\ACER\\Desktop\\INTERNSHIP PROJECTS\\TASK 3\\dbm\\vendor\\laravel\\framework\\src\\Illuminate\\Container\\Util.php(41): Illuminate\\Container\\BoundMethod::Illuminate\\Container\\{closure}()
#4 C:\\Users\\ACER\\Desktop\\INTERNSHIP PROJECTS\\TASK 3\\dbm\\vendor\\laravel\\framework\\src\\Illuminate\\Container\\BoundMethod.php(93): Illuminate\\Container\\Util::unwrapIfClosure(Object(Closure))
#5 C:\\Users\\ACER\\Desktop\\INTERNSHIP PROJECTS\\TASK 3\\dbm\\vendor\\laravel\\framework\\src\\Illuminate\\Container\\BoundMethod.php(35): Illuminate\\Container\\BoundMethod::callBoundMethod(Object(Illuminate\\Foundation\\Application), Array, Object(Closure))
#6 C:\\Users\\ACER\\Desktop\\INTERNSHIP PROJECTS\\TASK 3\\dbm\\vendor\\laravel\\framework\\src\\Illuminate\\Container\\Container.php(662): Illuminate\\Container\\BoundMethod::call(Object(Illuminate\\Foundation\\Application), Array, Array, NULL)
#7 C:\\Users\\ACER\\Desktop\\INTERNSHIP PROJECTS\\TASK 3\\dbm\\vendor\\laravel\\framework\\src\\Illuminate\\Console\\Command.php(211): Illuminate\\Container\\Container->call(Array)
#8 C:\\Users\\ACER\\Desktop\\INTERNSHIP PROJECTS\\TASK 3\\dbm\\vendor\\symfony\\console\\Command\\Command.php(326): Illuminate\\Console\\Command->execute(Object(Symfony\\Component\\Console\\Input\\ArgvInput), Object(Illuminate\\Console\\OutputStyle))
#9 C:\\Users\\ACER\\Desktop\\INTERNSHIP PROJECTS\\TASK 3\\dbm\\vendor\\laravel\\framework\\src\\Illuminate\\Console\\Command.php(180): Symfony\\Component\\Console\\Command\\Command->run(Object(Symfony\\Component\\Console\\Input\\ArgvInput), Object(Illuminate\\Console\\OutputStyle))
#10 C:\\Users\\ACER\\Desktop\\INTERNSHIP PROJECTS\\TASK 3\\dbm\\vendor\\symfony\\console\\Application.php(1096): Illuminate\\Console\\Command->run(Object(Symfony\\Component\\Console\\Input\\ArgvInput), Object(Symfony\\Component\\Console\\Output\\ConsoleOutput))
#11 C:\\Users\\ACER\\Desktop\\INTERNSHIP PROJECTS\\TASK 3\\dbm\\vendor\\symfony\\console\\Application.php(324): Symfony\\Component\\Console\\Application->doRunCommand(Object(App\\Console\\Commands\\FindDuplicatesCommand), Object(Symfony\\Component\\Console\\Input\\ArgvInput), Object(Symfony\\Component\\Console\\Output\\ConsoleOutput))
#12 C:\\Users\\ACER\\Desktop\\INTERNSHIP PROJECTS\\TASK 3\\dbm\\vendor\\symfony\\console\\Application.php(175): Symfony\\Component\\Console\\Application->doRun(Object(Symfony\\Component\\Console\\Input\\ArgvInput), Object(Symfony\\Component\\Console\\Output\\ConsoleOutput))
#13 C:\\Users\\ACER\\Desktop\\INTERNSHIP PROJECTS\\TASK 3\\dbm\\vendor\\laravel\\framework\\src\\Illuminate\\Foundation\\Console\\Kernel.php(201): Symfony\\Component\\Console\\Application->run(Object(Symfony\\Component\\Console\\Input\\ArgvInput), Object(Symfony\\Component\\Console\\Output\\ConsoleOutput))
#14 C:\\Users\\ACER\\Desktop\\INTERNSHIP PROJECTS\\TASK 3\\dbm\\artisan(35): Illuminate\\Foundation\\Console\\Kernel->handle(Object(Symfony\\Component\\Console\\Input\\ArgvInput), Object(Symfony\\Component\\Console\\Output\\ConsoleOutput))
#15 {main}
"} 
[2025-11-12 04:03:05] local.ERROR: Class "ZipArchive" not found {"exception":"[object] (Error(code: 0): Class \"ZipArchive\" not found at D:\\LEARN PROGRAMMING\\INTERNSHIP PROJECTS\\Final working project\\dbm\\vendor\\phpoffice\\phpspreadsheet\\src\\PhpSpreadsheet\\Shared\\File.php:63)
[stacktrace]
#0 D:\\LEARN PROGRAMMING\\INTERNSHIP PROJECTS\\Final working project\\dbm\\vendor\\phpoffice\\phpspreadsheet\\src\\PhpSpreadsheet\\Shared\\File.php(158): PhpOffice\\PhpSpreadsheet\\Shared\\File::fileExists('zip://D:\\\\LEARN ...')
#1 D:\\LEARN PROGRAMMING\\INTERNSHIP PROJECTS\\Final working project\\dbm\\vendor\\phpoffice\\phpspreadsheet\\src\\PhpSpreadsheet\\Reader\\Xlsx.php(235): PhpOffice\\PhpSpreadsheet\\Shared\\File::assertFile('D:\\\\LEARN PROGRA...', '_rels/.rels')
#2 D:\\LEARN PROGRAMMING\\INTERNSHIP PROJECTS\\Final working project\\dbm\\vendor\\maatwebsite\\excel\\src\\Reader.php(347): PhpOffice\\PhpSpreadsheet\\Reader\\Xlsx->listWorksheetInfo('D:\\\\LEARN PROGRA...')
#3 D:\\LEARN PROGRAMMING\\INTERNSHIP PROJECTS\\Final working project\\dbm\\vendor\\maatwebsite\\excel\\src\\ChunkReader.php(49): Maatwebsite\\Excel\\Reader->getTotalRows()
#4 D:\\LEARN PROGRAMMING\\INTERNSHIP PROJECTS\\Final working project\\dbm\\vendor\\maatwebsite\\excel\\src\\Reader.php(105): Maatwebsite\\Excel\\ChunkReader->read(Object(App\\Imports\\BusinessImport), Object(Maatwebsite\\Excel\\Reader), Object(Maatwebsite\\Excel\\Files\\LocalTemporaryFile))
#5 D:\\LEARN PROGRAMMING\\INTERNSHIP PROJECTS\\Final working project\\dbm\\vendor\\maatwebsite\\excel\\src\\Excel.php(146): Maatwebsite\\Excel\\Reader->read(Object(App\\Imports\\BusinessImport), Object(Illuminate\\Http\\UploadedFile), 'Xlsx', NULL)
#6 D:\\LEARN PROGRAMMING\\INTERNSHIP PROJECTS\\Final working project\\dbm\\vendor\\laravel\\framework\\src\\Illuminate\\Support\\Facades\\Facade.php(355): Maatwebsite\\Excel\\Excel->import(Object(App\\Imports\\BusinessImport), Object(Illuminate\\Http\\UploadedFile))
#7 D:\\LEARN PROGRAMMING\\INTERNSHIP PROJECTS\\Final working project\\dbm\\app\\Http\\Controllers\\ImportController.php(33): Illuminate\\Support\\Facades\\Facade::__callStatic('import', Array)
#8 D:\\LEARN PROGRAMMING\\INTERNSHIP PROJECTS\\Final working project\\dbm\\vendor\\laravel\\framework\\src\\Illuminate\\Routing\\Controller.php(54): App\\Http\\Controllers\\ImportController->handleImport(Object(Illuminate\\Http\\Request))
#9 D:\\LEARN PROGRAMMING\\INTERNSHIP PROJECTS\\Final working project\\dbm\\vendor\\laravel\\framework\\src\\Illuminate\\Routing\\ControllerDispatcher.php(43): Illuminate\\Routing\\Controller->callAction('handleImport', Array)
#10 D:\\LEARN PROGRAMMING\\INTERNSHIP PROJECTS\\Final working project\\dbm\\vendor\\laravel\\framework\\src\\Illuminate\\Routing\\Route.php(259): Illuminate\\Routing\\ControllerDispatcher->dispatch(Object(Illuminate\\Routing\\Route), Object(App\\Http\\Controllers\\ImportController), 'handleImport')
#11 D:\\LEARN PROGRAMMING\\INTERNSHIP PROJECTS\\Final working project\\dbm\\vendor\\laravel\\framework\\src\\Illuminate\\Routing\\Route.php(205): Illuminate\\Routing\\Route->runController()
#12 D:\\LEARN PROGRAMMING\\INTERNSHIP PROJECTS\\Final working project\\dbm\\vendor\\laravel\\framework\\src\\Illuminate\\Routing\\Router.php(806): Illuminate\\Routing\\Route->run()
#13 D:\\LEARN PROGRAMMING\\INTERNSHIP PROJECTS\\Final working project\\dbm\\vendor\\laravel\\framework\\src\\Illuminate\\Pipeline\\Pipeline.php(144): Illuminate\\Routing\\Router->Illuminate\\Routing\\{closure}(Object(Illuminate\\Http\\Request))
#14 D:\\LEARN PROGRAMMING\\INTERNSHIP PROJECTS\\Final working project\\dbm\\vendor\\laravel\\framework\\src\\Illuminate\\Routing\\Middleware\\SubstituteBindings.php(50): Illuminate\\Pipeline\\Pipeline->Illuminate\\Pipeline\\{closure}(Object(Illuminate\\Http\\Request))
#15 D:\\LEARN PROGRAMMING\\INTERNSHIP PROJECTS\\Final working project\\dbm\\vendor\\laravel\\framework\\src\\Illuminate\\Pipeline\\Pipeline.php(183): Illuminate\\Routing\\Middleware\\SubstituteBindings->handle(Object(Illuminate\\Http\\Request), Object(Closure))
#16 D:\\LEARN PROGRAMMING\\INTERNSHIP PROJECTS\\Final working project\\dbm\\vendor\\laravel\\framework\\src\\Illuminate\\Foundation\\Http\\Middleware\\VerifyCsrfToken.php(78): Illuminate\\Pipeline\\Pipeline->Illuminate\\Pipeline\\{closure}(Object(Illuminate\\Http\\Request))
#17 D:\\LEARN PROGRAMMING\\INTERNSHIP PROJECTS\\Final working project\\dbm\\vendor\\laravel\\framework\\src\\Illuminate\\Pipeline\\Pipeline.php(183): Illuminate\\Foundation\\Http\\Middleware\\VerifyCsrfToken->handle(Object(Illuminate\\Http\\Request), Object(Closure))
#18 D:\\LEARN PROGRAMMING\\INTERNSHIP PROJECTS\\Final working project\\dbm\\vendor\\laravel\\framework\\src\\Illuminate\\View\\Middleware\\ShareErrorsFromSession.php(49): Illuminate\\Pipeline\\Pipeline->Illuminate\\Pipeline\\{closure}(Object(Illuminate\\Http\\Request))
#19 D:\\LEARN PROGRAMMING\\INTERNSHIP PROJECTS\\Final working project\\dbm\\vendor\\laravel\\framework\\src\\Illuminate\\Pipeline\\Pipeline.php(183): Illuminate\\View\\Middleware\\ShareErrorsFromSession->handle(Object(Illuminate\\Http\\Request), Object(Closure))
#20 D:\\LEARN PROGRAMMING\\INTERNSHIP PROJECTS\\Final working project\\dbm\\vendor\\laravel\\framework\\src\\Illuminate\\Session\\Middleware\\StartSession.php(121): Illuminate\\Pipeline\\Pipeline->Illuminate\\Pipeline\\{closure}(Object(Illuminate\\Http\\Request))
#21 D:\\LEARN PROGRAMMING\\INTERNSHIP PROJECTS\\Final working project\\dbm\\vendor\\laravel\\framework\\src\\Illuminate\\Session\\Middleware\\StartSession.php(64): Illuminate\\Session\\Middleware\\StartSession->handleStatefulRequest(Object(Illuminate\\Http\\Request), Object(Illuminate\\Session\\Store), Object(Closure))
#22 D:\\LEARN PROGRAMMING\\INTERNSHIP PROJECTS\\Final working project\\dbm\\vendor\\laravel\\framework\\src\\Illuminate\\Pipeline\\Pipeline.php(183): Illuminate\\Session\\Middleware\\StartSession->handle(Object(Illuminate\\Http\\Request), Object(Closure))
#23 D:\\LEARN PROGRAMMING\\INTERNSHIP PROJECTS\\Final working project\\dbm\\vendor\\laravel\\framework\\src\\Illuminate\\Cookie\\Middleware\\AddQueuedCookiesToResponse.php(37): Illuminate\\Pipeline\\Pipeline->Illuminate\\Pipeline\\{closure}(Object(Illuminate\\Http\\Request))
#24 D:\\LEARN PROGRAMMING\\INTERNSHIP PROJECTS\\Final working project\\dbm\\vendor\\laravel\\framework\\src\\Illuminate\\Pipeline\\Pipeline.php(183): Illuminate\\Cookie\\Middleware\\AddQueuedCookiesToResponse->handle(Object(Illuminate\\Http\\Request), Object(Closure))
#25 D:\\LEARN PROGRAMMING\\INTERNSHIP PROJECTS\\Final working project\\dbm\\vendor\\laravel\\framework\\src\\Illuminate\\Cookie\\Middleware\\EncryptCookies.php(67): Illuminate\\Pipeline\\Pipeline->Illuminate\\Pipeline\\{closure}(Object(Illuminate\\Http\\Request))
#26 D:\\LEARN PROGRAMMING\\INTERNSHIP PROJECTS\\Final working project\\dbm\\vendor\\laravel\\framework\\src\\Illuminate\\Pipeline\\Pipeline.php(183): Illuminate\\Cookie\\Middleware\\EncryptCookies->handle(Object(Illuminate\\Http\\Request), Object(Closure))
#27 D:\\LEARN PROGRAMMING\\INTERNSHIP PROJECTS\\Final working project\\dbm\\vendor\\laravel\\framework\\src\\Illuminate\\Pipeline\\Pipeline.php(119): Illuminate\\Pipeline\\Pipeline->Illuminate\\Pipeline\\{closure}(Object(Illuminate\\Http\\Request))
#28 D:\\LEARN PROGRAMMING\\INTERNSHIP PROJECTS\\Final working project\\dbm\\vendor\\laravel\\framework\\src\\Illuminate\\Routing\\Router.php(805): Illuminate\\Pipeline\\Pipeline->then(Object(Closure))
#29 D:\\LEARN PROGRAMMING\\INTERNSHIP PROJECTS\\Final working project\\dbm\\vendor\\laravel\\framework\\src\\Illuminate\\Routing\\Router.php(784): Illuminate\\Routing\\Router->runRouteWithinStack(Object(Illuminate\\Routing\\Route), Object(Illuminate\\Http\\Request))
#30 D:\\LEARN PROGRAMMING\\INTERNSHIP PROJECTS\\Final working project\\dbm\\vendor\\laravel\\framework\\src\\Illuminate\\Routing\\Router.php(748): Illuminate\\Routing\\Router->runRoute(Object(Illuminate\\Http\\Request), Object(Illuminate\\Routing\\Route))
#31 D:\\LEARN PROGRAMMING\\INTERNSHIP PROJECTS\\Final working project\\dbm\\vendor\\laravel\\framework\\src\\Illuminate\\Routing\\Router.php(737): Illuminate\\Routing\\Router->dispatchToRoute(Object(Illuminate\\Http\\Request))
#32 D:\\LEARN PROGRAMMING\\INTERNSHIP PROJECTS\\Final working project\\dbm\\vendor\\laravel\\framework\\src\\Illuminate\\Foundation\\Http\\Kernel.php(200): Illuminate\\Routing\\Router->dispatch(Object(Illuminate\\Http\\Request))
#33 D:\\LEARN PROGRAMMING\\INTERNSHIP PROJECTS\\Final working project\\dbm\\vendor\\laravel\\framework\\src\\Illuminate\\Pipeline\\Pipeline.php(144): Illuminate\\Foundation\\Http\\Kernel->Illuminate\\Foundation\\Http\\{closure}(Object(Illuminate\\Http\\Request))
#34 D:\\LEARN PROGRAMMING\\INTERNSHIP PROJECTS\\Final working project\\dbm\\vendor\\laravel\\framework\\src\\Illuminate\\Foundation\\Http\\Middleware\\TransformsRequest.php(21): Illuminate\\Pipeline\\Pipeline->Illuminate\\Pipeline\\{closure}(Object(Illuminate\\Http\\Request))
#35 D:\\LEARN PROGRAMMING\\INTERNSHIP PROJECTS\\Final working project\\dbm\\vendor\\laravel\\framework\\src\\Illuminate\\Foundation\\Http\\Middleware\\ConvertEmptyStringsToNull.php(31): Illuminate\\Foundation\\Http\\Middleware\\TransformsRequest->handle(Object(Illuminate\\Http\\Request), Object(Closure))
#36 D:\\LEARN PROGRAMMING\\INTERNSHIP PROJECTS\\Final working project\\dbm\\vendor\\laravel\\framework\\src\\Illuminate\\Pipeline\\Pipeline.php(183): Illuminate\\Foundation\\Http\\Middleware\\ConvertEmptyStringsToNull->handle(Object(Illuminate\\Http\\Request), Object(Closure))
#37 D:\\LEARN PROGRAMMING\\INTERNSHIP PROJECTS\\Final working project\\dbm\\vendor\\laravel\\framework\\src\\Illuminate\\Foundation\\Http\\Middleware\\TransformsRequest.php(21): Illuminate\\Pipeline\\Pipeline->Illuminate\\Pipeline\\{closure}(Object(Illuminate\\Http\\Request))
#38 D:\\LEARN PROGRAMMING\\INTERNSHIP PROJECTS\\Final working project\\dbm\\vendor\\laravel\\framework\\src\\Illuminate\\Foundation\\Http\\Middleware\\TrimStrings.php(40): Illuminate\\Foundation\\Http\\Middleware\\TransformsRequest->handle(Object(Illuminate\\Http\\Request), Object(Closure))
#39 D:\\LEARN PROGRAMMING\\INTERNSHIP PROJECTS\\Final working project\\dbm\\vendor\\laravel\\framework\\src\\Illuminate\\Pipeline\\Pipeline.php(183): Illuminate\\Foundation\\Http\\Middleware\\TrimStrings->handle(Object(Illuminate\\Http\\Request), Object(Closure))
#40 D:\\LEARN PROGRAMMING\\INTERNSHIP PROJECTS\\Final working project\\dbm\\vendor\\laravel\\framework\\src\\Illuminate\\Foundation\\Http\\Middleware\\ValidatePostSize.php(27): Illuminate\\Pipeline\\Pipeline->Illuminate\\Pipeline\\{closure}(Object(Illuminate\\Http\\Request))
#41 D:\\LEARN PROGRAMMING\\INTERNSHIP PROJECTS\\Final working project\\dbm\\vendor\\laravel\\framework\\src\\Illuminate\\Pipeline\\Pipeline.php(183): Illuminate\\Foundation\\Http\\Middleware\\ValidatePostSize->handle(Object(Illuminate\\Http\\Request), Object(Closure))
#42 D:\\LEARN PROGRAMMING\\INTERNSHIP PROJECTS\\Final working project\\dbm\\vendor\\laravel\\framework\\src\\Illuminate\\Foundation\\Http\\Middleware\\PreventRequestsDuringMaintenance.php(99): Illuminate\\Pipeline\\Pipeline->Illuminate\\Pipeline\\{closure}(Object(Illuminate\\Http\\Request))
#43 D:\\LEARN PROGRAMMING\\INTERNSHIP PROJECTS\\Final working project\\dbm\\vendor\\laravel\\framework\\src\\Illuminate\\Pipeline\\Pipeline.php(183): Illuminate\\Foundation\\Http\\Middleware\\PreventRequestsDuringMaintenance->handle(Object(Illuminate\\Http\\Request), Object(Closure))
#44 D:\\LEARN PROGRAMMING\\INTERNSHIP PROJECTS\\Final working project\\dbm\\vendor\\laravel\\framework\\src\\Illuminate\\Http\\Middleware\\HandleCors.php(49): Illuminate\\Pipeline\\Pipeline->Illuminate\\Pipeline\\{closure}(Object(Illuminate\\Http\\Request))
#45 D:\\LEARN PROGRAMMING\\INTERNSHIP PROJECTS\\Final working project\\dbm\\vendor\\laravel\\framework\\src\\Illuminate\\Pipeline\\Pipeline.php(183): Illuminate\\Http\\Middleware\\HandleCors->handle(Object(Illuminate\\Http\\Request), Object(Closure))
#46 D:\\LEARN PROGRAMMING\\INTERNSHIP PROJECTS\\Final working project\\dbm\\vendor\\laravel\\framework\\src\\Illuminate\\Http\\Middleware\\TrustProxies.php(39): Illuminate\\Pipeline\\Pipeline->Illuminate\\Pipeline\\{closure}(Object(Illuminate\\Http\\Request))
#47 D:\\LEARN PROGRAMMING\\INTERNSHIP PROJECTS\\Final working project\\dbm\\vendor\\laravel\\framework\\src\\Illuminate\\Pipeline\\Pipeline.php(183): Illuminate\\Http\\Middleware\\TrustProxies->handle(Object(Illuminate\\Http\\Request), Object(Closure))
#48 D:\\LEARN PROGRAMMING\\INTERNSHIP PROJECTS\\Final working project\\dbm\\vendor\\laravel\\framework\\src\\Illuminate\\Pipeline\\Pipeline.php(119): Illuminate\\Pipeline\\Pipeline->Illuminate\\Pipeline\\{closure}(Object(Illuminate\\Http\\Request))
#49 D:\\LEARN PROGRAMMING\\INTERNSHIP PROJECTS\\Final working project\\dbm\\vendor\\laravel\\framework\\src\\Illuminate\\Foundation\\Http\\Kernel.php(175): Illuminate\\Pipeline\\Pipeline->then(Object(Closure))
#50 D:\\LEARN PROGRAMMING\\INTERNSHIP PROJECTS\\Final working project\\dbm\\vendor\\laravel\\framework\\src\\Illuminate\\Foundation\\Http\\Kernel.php(144): Illuminate\\Foundation\\Http\\Kernel->sendRequestThroughRouter(Object(Illuminate\\Http\\Request))
#51 D:\\LEARN PROGRAMMING\\INTERNSHIP PROJECTS\\Final working project\\dbm\\public\\index.php(51): Illuminate\\Foundation\\Http\\Kernel->handle(Object(Illuminate\\Http\\Request))
#52 D:\\LEARN PROGRAMMING\\INTERNSHIP PROJECTS\\Final working project\\dbm\\vendor\\laravel\\framework\\src\\Illuminate\\Foundation\\resources\\server.php(16): require_once('D:\\\\LEARN PROGRA...')
#53 {main}
"} 
